/usr/local/mcuxpressoide-11.9.0_2144/ide/plugins/com.nxp.mcuxpresso.tools.linux_11.9.0.202307121226/tools/arm-none-eabi/include/c++/12.3.1/new:174:33:void* operator new(std::size_t, void*)	8	static
/usr/local/mcuxpressoide-11.9.0_2144/ide/plugins/com.nxp.mcuxpresso.tools.linux_11.9.0.202307121226/tools/arm-none-eabi/include/c++/12.3.1/arm-none-eabi/thumb/v7e-m+fp/softfp/bits/gthr-default.h:229:1:int __gthread_key_delete(__gthread_key_t)	8	static
/home/phatt/University/apps/lcd-1-prep/apps-workspace.mcu/lcd/mbed-os/drivers/include/drivers/DigitalIn.h:67:5:mbed::DigitalIn::DigitalIn(PinName)	16	static
/home/phatt/University/apps/lcd-1-prep/apps-workspace.mcu/lcd/mbed-os/drivers/include/drivers/DigitalIn.h:97:9:int mbed::DigitalIn::read()	16	static
/home/phatt/University/apps/lcd-1-prep/apps-workspace.mcu/lcd/mbed-os/drivers/include/drivers/DigitalIn.h:128:5:mbed::DigitalIn::operator int()	16	static
/home/phatt/University/apps/lcd-1-prep/apps-workspace.mcu/lcd/mbed-os/drivers/include/drivers/DigitalOut.h:62:5:mbed::DigitalOut::DigitalOut(PinName)	16	static
/home/phatt/University/apps/lcd-1-prep/apps-workspace.mcu/lcd/mbed-os/drivers/include/drivers/DigitalOut.h:84:10:void mbed::DigitalOut::write(int)	16	static
/home/phatt/University/apps/lcd-1-prep/apps-workspace.mcu/lcd/mbed-os/drivers/include/drivers/DigitalOut.h:122:17:mbed::DigitalOut& mbed::DigitalOut::operator=(int)	16	static
../button_classes.cpp:9:6:void PWMDigOutRGB::pwm_control()	16	static
../button_classes.cpp:21:1:PWMDigOutRGB::PWMDigOutRGB(PinName, PinName, PinName)	80	static
../button_classes.cpp:30:6:void PWMDigOutRGB::set_color(uint8_t, uint8_t, uint8_t)	8	static
../button_classes.cpp:39:9:uint8_t PWMDigOutRGB::get_r() const	8	static
../button_classes.cpp:40:9:uint8_t PWMDigOutRGB::get_g() const	8	static
../button_classes.cpp:41:9:uint8_t PWMDigOutRGB::get_b() const	8	static
../button_classes.cpp:43:6:void PWMDigOut::pwm_control()	16	static
../button_classes.cpp:58:1:PWMDigOut::PWMDigOut(PinName)	72	static
../button_classes.cpp:67:6:void PWMDigOut::nastav_jas_proc(uint8_t)	8	static
../button_classes.cpp:72:9:uint8_t PWMDigOut::get_bright() const	8	static
../button_classes.cpp:76:1:BTN_NOT::BTN_NOT(PinName, bool*)	80	static
../button_classes.cpp:86:6:void BTN_NOT::btn_control()	16	static
../button_classes.cpp:101:5:int BTN_NOT::get_btn_state()	16	static
../button_classes.cpp:102:1:BTN_SET::BTN_SET(PinName, bool*, bool*)	80	static
../button_classes.cpp:113:6:void BTN_SET::btn_control()	16	static
/usr/local/mcuxpressoide-11.9.0_2144/ide/plugins/com.nxp.mcuxpresso.tools.linux_11.9.0.202307121226/tools/arm-none-eabi/include/c++/12.3.1/bits/chrono.h:578:2:constexpr std::chrono::duration<_Rep, _Period>::rep std::chrono::duration<_Rep, _Period>::count() const [with _Rep = long long int; _Period = std::ratio<1, 1000000>]	8	static
/home/phatt/University/apps/lcd-1-prep/apps-workspace.mcu/lcd/mbed-os/platform/include/platform/Callback.h:712:23:)) [with T = PWMDigOutRGB; U = PWMDigOutRGB; R = void; ArgTs = {}]	24	static
/usr/local/mcuxpressoide-11.9.0_2144/ide/plugins/com.nxp.mcuxpresso.tools.linux_11.9.0.202307121226/tools/arm-none-eabi/include/c++/12.3.1/bits/chrono.h:1396:7:_Digits = {'1'}]	16	static
/usr/local/mcuxpressoide-11.9.0_2144/ide/plugins/com.nxp.mcuxpresso.tools.linux_11.9.0.202307121226/tools/arm-none-eabi/include/c++/12.3.1/bits/chrono.h:570:14:constexpr std::chrono::duration<_Rep, _Period>::duration(const std::chrono::duration<_Rep, _Period>&) [with _Rep2 = long long int; _Period2 = std::ratio<1, 1000>; <template-parameter-2-3> = void; _Rep = long long int; _Period = std::ratio<1, 1000000>]	24	static
/home/phatt/University/apps/lcd-1-prep/apps-workspace.mcu/lcd/mbed-os/platform/include/platform/Callback.h:712:23:)) [with T = PWMDigOut; U = PWMDigOut; R = void; ArgTs = {}]	24	static
/home/phatt/University/apps/lcd-1-prep/apps-workspace.mcu/lcd/mbed-os/platform/include/platform/Callback.h:712:23:)) [with T = BTN_NOT; U = BTN_NOT; R = void; ArgTs = {}]	24	static
/home/phatt/University/apps/lcd-1-prep/apps-workspace.mcu/lcd/mbed-os/platform/include/platform/Callback.h:712:23:)) [with T = BTN_SET; U = BTN_SET; R = void; ArgTs = {}]	24	static
/usr/local/mcuxpressoide-11.9.0_2144/ide/plugins/com.nxp.mcuxpresso.tools.linux_11.9.0.202307121226/tools/arm-none-eabi/include/c++/12.3.1/bits/chrono.h:578:2:constexpr std::chrono::duration<_Rep, _Period>::rep std::chrono::duration<_Rep, _Period>::count() const [with _Rep = long long int; _Period = std::ratio<1, 1000>]	8	static
/home/phatt/University/apps/lcd-1-prep/apps-workspace.mcu/lcd/mbed-os/platform/include/platform/Callback.h:353:18:mbed::Callback<void()>::Callback<PWMDigOutRGB*, void (PWMDigOutRGB::*)()>(PWMDigOutRGB*, void (PWMDigOutRGB::*)())::<lambda()>	16	static
/home/phatt/University/apps/lcd-1-prep/apps-workspace.mcu/lcd/mbed-os/platform/include/platform/Callback.h:351:5:>::value, int>::type <anonymous> = 0; R = void; ArgTs = {}]	40	static
/usr/local/mcuxpressoide-11.9.0_2144/ide/plugins/com.nxp.mcuxpresso.tools.linux_11.9.0.202307121226/tools/arm-none-eabi/include/c++/12.3.1/bits/chrono.h:1345:22:_Digits = {'1'}]	24	static
/usr/local/mcuxpressoide-11.9.0_2144/ide/plugins/com.nxp.mcuxpresso.tools.linux_11.9.0.202307121226/tools/arm-none-eabi/include/c++/12.3.1/bits/chrono.h:262:7:constexpr std::chrono::__enable_if_is_duration<_ToDur> std::chrono::duration_cast(const duration<_Rep, _Period>&) [with _ToDur = duration<long long int, std::ratio<1, 1000000> >; _Rep = long long int; _Period = std::ratio<1, 1000>]	16	static
/home/phatt/University/apps/lcd-1-prep/apps-workspace.mcu/lcd/mbed-os/platform/include/platform/Callback.h:353:18:mbed::Callback<void()>::Callback<PWMDigOut*, void (PWMDigOut::*)()>(PWMDigOut*, void (PWMDigOut::*)())::<lambda()>	16	static
/home/phatt/University/apps/lcd-1-prep/apps-workspace.mcu/lcd/mbed-os/platform/include/platform/Callback.h:351:5:>::value, int>::type <anonymous> = 0; R = void; ArgTs = {}]	40	static
/home/phatt/University/apps/lcd-1-prep/apps-workspace.mcu/lcd/mbed-os/platform/include/platform/Callback.h:353:18:mbed::Callback<void()>::Callback<BTN_NOT*, void (BTN_NOT::*)()>(BTN_NOT*, void (BTN_NOT::*)())::<lambda()>	16	static
/home/phatt/University/apps/lcd-1-prep/apps-workspace.mcu/lcd/mbed-os/platform/include/platform/Callback.h:351:5:>::value, int>::type <anonymous> = 0; R = void; ArgTs = {}]	40	static
/home/phatt/University/apps/lcd-1-prep/apps-workspace.mcu/lcd/mbed-os/platform/include/platform/Callback.h:353:18:mbed::Callback<void()>::Callback<BTN_SET*, void (BTN_SET::*)()>(BTN_SET*, void (BTN_SET::*)())::<lambda()>	16	static
/home/phatt/University/apps/lcd-1-prep/apps-workspace.mcu/lcd/mbed-os/platform/include/platform/Callback.h:351:5:>::value, int>::type <anonymous> = 0; R = void; ArgTs = {}]	40	static
/usr/local/mcuxpressoide-11.9.0_2144/ide/plugins/com.nxp.mcuxpresso.tools.linux_11.9.0.202307121226/tools/arm-none-eabi/include/c++/12.3.1/bits/chrono.h:562:23:constexpr std::chrono::duration<_Rep, _Period>::duration(const _Rep2&) [with _Rep2 = long long int; <template-parameter-2-2> = void; _Rep = long long int; _Period = std::ratio<1, 1000>]	8	static
/usr/local/mcuxpressoide-11.9.0_2144/ide/plugins/com.nxp.mcuxpresso.tools.linux_11.9.0.202307121226/tools/arm-none-eabi/include/c++/12.3.1/bits/chrono.h:562:23:constexpr std::chrono::duration<_Rep, _Period>::duration(const _Rep2&) [with _Rep2 = long long int; <template-parameter-2-2> = void; _Rep = long long int; _Period = std::ratio<1, 1000000>]	8	static
/home/phatt/University/apps/lcd-1-prep/apps-workspace.mcu/lcd/mbed-os/platform/include/platform/Callback.h:120:3:) [with R = void; F = void (PWMDigOutRGB::* const&)(); Args = {PWMDigOutRGB* const&}; typename std::enable_if<std::is_void< <template-parameter-1-1> >::value, int>::type <anonymous> = 0]	16	static
/home/phatt/University/apps/lcd-1-prep/apps-workspace.mcu/lcd/mbed-os/platform/include/platform/Callback.h:612:10:)>::generate(F&&) [with F = mbed::Callback<void()>::Callback<PWMDigOutRGB*, void (PWMDigOutRGB::*)()>(PWMDigOutRGB*, void (PWMDigOutRGB::*)())::<lambda()>; <template-parameter-2-2> = void; R = void; ArgTs = {}]	16	static
/usr/local/mcuxpressoide-11.9.0_2144/ide/plugins/com.nxp.mcuxpresso.tools.linux_11.9.0.202307121226/tools/arm-none-eabi/include/c++/12.3.1/bits/chrono.h:221:4:static constexpr _ToDur std::chrono::__duration_cast_impl<_ToDur, _CF, _CR, false, true>::__cast(const std::chrono::duration<_Rep, _Period>&) [with _Rep = long long int; _Period = std::ratio<1, 1000>; _ToDur = std::chrono::duration<long long int, std::ratio<1, 1000000> >; _CF = std::ratio<1000, 1>; _CR = long long int]	48	static
/home/phatt/University/apps/lcd-1-prep/apps-workspace.mcu/lcd/mbed-os/platform/include/platform/Callback.h:120:3:) [with R = void; F = void (PWMDigOut::* const&)(); Args = {PWMDigOut* const&}; typename std::enable_if<std::is_void< <template-parameter-1-1> >::value, int>::type <anonymous> = 0]	16	static
/home/phatt/University/apps/lcd-1-prep/apps-workspace.mcu/lcd/mbed-os/platform/include/platform/Callback.h:612:10:)>::generate(F&&) [with F = mbed::Callback<void()>::Callback<PWMDigOut*, void (PWMDigOut::*)()>(PWMDigOut*, void (PWMDigOut::*)())::<lambda()>; <template-parameter-2-2> = void; R = void; ArgTs = {}]	16	static
/home/phatt/University/apps/lcd-1-prep/apps-workspace.mcu/lcd/mbed-os/platform/include/platform/Callback.h:120:3:) [with R = void; F = void (BTN_NOT::* const&)(); Args = {BTN_NOT* const&}; typename std::enable_if<std::is_void< <template-parameter-1-1> >::value, int>::type <anonymous> = 0]	16	static
/home/phatt/University/apps/lcd-1-prep/apps-workspace.mcu/lcd/mbed-os/platform/include/platform/Callback.h:612:10:)>::generate(F&&) [with F = mbed::Callback<void()>::Callback<BTN_NOT*, void (BTN_NOT::*)()>(BTN_NOT*, void (BTN_NOT::*)())::<lambda()>; <template-parameter-2-2> = void; R = void; ArgTs = {}]	16	static
/home/phatt/University/apps/lcd-1-prep/apps-workspace.mcu/lcd/mbed-os/platform/include/platform/Callback.h:120:3:) [with R = void; F = void (BTN_SET::* const&)(); Args = {BTN_SET* const&}; typename std::enable_if<std::is_void< <template-parameter-1-1> >::value, int>::type <anonymous> = 0]	16	static
/home/phatt/University/apps/lcd-1-prep/apps-workspace.mcu/lcd/mbed-os/platform/include/platform/Callback.h:612:10:)>::generate(F&&) [with F = mbed::Callback<void()>::Callback<BTN_SET*, void (BTN_SET::*)()>(BTN_SET*, void (BTN_SET::*)())::<lambda()>; <template-parameter-2-2> = void; R = void; ArgTs = {}]	16	static
/usr/local/mcuxpressoide-11.9.0_2144/ide/plugins/com.nxp.mcuxpresso.tools.linux_11.9.0.202307121226/tools/arm-none-eabi/include/c++/12.3.1/bits/move.h:77:5:constexpr _Tp&& std::forward(typename remove_reference<_Tp>::type&) [with _Tp = void (PWMDigOutRGB::* const&)()]	8	static
/usr/local/mcuxpressoide-11.9.0_2144/ide/plugins/com.nxp.mcuxpresso.tools.linux_11.9.0.202307121226/tools/arm-none-eabi/include/c++/12.3.1/bits/move.h:77:5:constexpr _Tp&& std::forward(typename remove_reference<_Tp>::type&) [with _Tp = PWMDigOutRGB* const&]	8	static
/home/phatt/University/apps/lcd-1-prep/apps-workspace.mcu/lcd/mbed-os/platform/cxxsupport/mstd_functional:42:29:) [with F = void (PWMDigOutRGB::* const&)(); Args = {PWMDigOutRGB* const&}]	16	static
/home/phatt/University/apps/lcd-1-prep/apps-workspace.mcu/lcd/mbed-os/platform/include/platform/Callback.h:655:14:) [with F = mbed::Callback<void()>::Callback<PWMDigOutRGB*, void (PWMDigOutRGB::*)()>(PWMDigOutRGB*, void (PWMDigOutRGB::*)())::<lambda()>; R = void; ArgTs = {}]	24	static
/usr/local/mcuxpressoide-11.9.0_2144/ide/plugins/com.nxp.mcuxpresso.tools.linux_11.9.0.202307121226/tools/arm-none-eabi/include/c++/12.3.1/bits/move.h:104:5:constexpr typename std::remove_reference<_Tp>::type&& std::move(_Tp&&) [with _Tp = mbed::Callback<void()>::Callback<PWMDigOutRGB*, void (PWMDigOutRGB::*)()>(PWMDigOutRGB*, void (PWMDigOutRGB::*)())::<lambda()>&]	8	static
/usr/local/mcuxpressoide-11.9.0_2144/ide/plugins/com.nxp.mcuxpresso.tools.linux_11.9.0.202307121226/tools/arm-none-eabi/include/c++/12.3.1/bits/move.h:77:5:constexpr _Tp&& std::forward(typename remove_reference<_Tp>::type&) [with _Tp = void (PWMDigOut::* const&)()]	8	static
/usr/local/mcuxpressoide-11.9.0_2144/ide/plugins/com.nxp.mcuxpresso.tools.linux_11.9.0.202307121226/tools/arm-none-eabi/include/c++/12.3.1/bits/move.h:77:5:constexpr _Tp&& std::forward(typename remove_reference<_Tp>::type&) [with _Tp = PWMDigOut* const&]	8	static
/home/phatt/University/apps/lcd-1-prep/apps-workspace.mcu/lcd/mbed-os/platform/cxxsupport/mstd_functional:42:29:) [with F = void (PWMDigOut::* const&)(); Args = {PWMDigOut* const&}]	16	static
/home/phatt/University/apps/lcd-1-prep/apps-workspace.mcu/lcd/mbed-os/platform/include/platform/Callback.h:655:14:) [with F = mbed::Callback<void()>::Callback<PWMDigOut*, void (PWMDigOut::*)()>(PWMDigOut*, void (PWMDigOut::*)())::<lambda()>; R = void; ArgTs = {}]	24	static
/usr/local/mcuxpressoide-11.9.0_2144/ide/plugins/com.nxp.mcuxpresso.tools.linux_11.9.0.202307121226/tools/arm-none-eabi/include/c++/12.3.1/bits/move.h:104:5:constexpr typename std::remove_reference<_Tp>::type&& std::move(_Tp&&) [with _Tp = mbed::Callback<void()>::Callback<PWMDigOut*, void (PWMDigOut::*)()>(PWMDigOut*, void (PWMDigOut::*)())::<lambda()>&]	8	static
/usr/local/mcuxpressoide-11.9.0_2144/ide/plugins/com.nxp.mcuxpresso.tools.linux_11.9.0.202307121226/tools/arm-none-eabi/include/c++/12.3.1/bits/move.h:77:5:constexpr _Tp&& std::forward(typename remove_reference<_Tp>::type&) [with _Tp = void (BTN_NOT::* const&)()]	8	static
/usr/local/mcuxpressoide-11.9.0_2144/ide/plugins/com.nxp.mcuxpresso.tools.linux_11.9.0.202307121226/tools/arm-none-eabi/include/c++/12.3.1/bits/move.h:77:5:constexpr _Tp&& std::forward(typename remove_reference<_Tp>::type&) [with _Tp = BTN_NOT* const&]	8	static
/home/phatt/University/apps/lcd-1-prep/apps-workspace.mcu/lcd/mbed-os/platform/cxxsupport/mstd_functional:42:29:) [with F = void (BTN_NOT::* const&)(); Args = {BTN_NOT* const&}]	16	static
/home/phatt/University/apps/lcd-1-prep/apps-workspace.mcu/lcd/mbed-os/platform/include/platform/Callback.h:655:14:) [with F = mbed::Callback<void()>::Callback<BTN_NOT*, void (BTN_NOT::*)()>(BTN_NOT*, void (BTN_NOT::*)())::<lambda()>; R = void; ArgTs = {}]	24	static
/usr/local/mcuxpressoide-11.9.0_2144/ide/plugins/com.nxp.mcuxpresso.tools.linux_11.9.0.202307121226/tools/arm-none-eabi/include/c++/12.3.1/bits/move.h:104:5:constexpr typename std::remove_reference<_Tp>::type&& std::move(_Tp&&) [with _Tp = mbed::Callback<void()>::Callback<BTN_NOT*, void (BTN_NOT::*)()>(BTN_NOT*, void (BTN_NOT::*)())::<lambda()>&]	8	static
/usr/local/mcuxpressoide-11.9.0_2144/ide/plugins/com.nxp.mcuxpresso.tools.linux_11.9.0.202307121226/tools/arm-none-eabi/include/c++/12.3.1/bits/move.h:77:5:constexpr _Tp&& std::forward(typename remove_reference<_Tp>::type&) [with _Tp = void (BTN_SET::* const&)()]	8	static
/usr/local/mcuxpressoide-11.9.0_2144/ide/plugins/com.nxp.mcuxpresso.tools.linux_11.9.0.202307121226/tools/arm-none-eabi/include/c++/12.3.1/bits/move.h:77:5:constexpr _Tp&& std::forward(typename remove_reference<_Tp>::type&) [with _Tp = BTN_SET* const&]	8	static
/home/phatt/University/apps/lcd-1-prep/apps-workspace.mcu/lcd/mbed-os/platform/cxxsupport/mstd_functional:42:29:) [with F = void (BTN_SET::* const&)(); Args = {BTN_SET* const&}]	16	static
/home/phatt/University/apps/lcd-1-prep/apps-workspace.mcu/lcd/mbed-os/platform/include/platform/Callback.h:655:14:) [with F = mbed::Callback<void()>::Callback<BTN_SET*, void (BTN_SET::*)()>(BTN_SET*, void (BTN_SET::*)())::<lambda()>; R = void; ArgTs = {}]	24	static
/usr/local/mcuxpressoide-11.9.0_2144/ide/plugins/com.nxp.mcuxpresso.tools.linux_11.9.0.202307121226/tools/arm-none-eabi/include/c++/12.3.1/bits/move.h:104:5:constexpr typename std::remove_reference<_Tp>::type&& std::move(_Tp&&) [with _Tp = mbed::Callback<void()>::Callback<BTN_SET*, void (BTN_SET::*)()>(BTN_SET*, void (BTN_SET::*)())::<lambda()>&]	8	static
/home/phatt/University/apps/lcd-1-prep/apps-workspace.mcu/lcd/mbed-os/platform/cxxsupport/mstd_type_traits:343:6:) [with Base = PWMDigOutRGB; F = void(); T1 = PWMDigOutRGB* const&; Args = {}]	24	static
/home/phatt/University/apps/lcd-1-prep/apps-workspace.mcu/lcd/mbed-os/platform/include/platform/Callback.h:120:3:) [with R = void; F = mbed::Callback<void()>::Callback<PWMDigOutRGB*, void (PWMDigOutRGB::*)()>(PWMDigOutRGB*, void (PWMDigOutRGB::*)())::<lambda()>&; Args = {}; typename std::enable_if<std::is_void< <template-parameter-1-1> >::value, int>::type <anonymous> = 0]	16	static
/home/phatt/University/apps/lcd-1-prep/apps-workspace.mcu/lcd/mbed-os/platform/cxxsupport/mstd_type_traits:343:6:) [with Base = PWMDigOut; F = void(); T1 = PWMDigOut* const&; Args = {}]	24	static
/home/phatt/University/apps/lcd-1-prep/apps-workspace.mcu/lcd/mbed-os/platform/include/platform/Callback.h:120:3:) [with R = void; F = mbed::Callback<void()>::Callback<PWMDigOut*, void (PWMDigOut::*)()>(PWMDigOut*, void (PWMDigOut::*)())::<lambda()>&; Args = {}; typename std::enable_if<std::is_void< <template-parameter-1-1> >::value, int>::type <anonymous> = 0]	16	static
/home/phatt/University/apps/lcd-1-prep/apps-workspace.mcu/lcd/mbed-os/platform/cxxsupport/mstd_type_traits:343:6:) [with Base = BTN_NOT; F = void(); T1 = BTN_NOT* const&; Args = {}]	24	static
/home/phatt/University/apps/lcd-1-prep/apps-workspace.mcu/lcd/mbed-os/platform/include/platform/Callback.h:120:3:) [with R = void; F = mbed::Callback<void()>::Callback<BTN_NOT*, void (BTN_NOT::*)()>(BTN_NOT*, void (BTN_NOT::*)())::<lambda()>&; Args = {}; typename std::enable_if<std::is_void< <template-parameter-1-1> >::value, int>::type <anonymous> = 0]	16	static
/home/phatt/University/apps/lcd-1-prep/apps-workspace.mcu/lcd/mbed-os/platform/cxxsupport/mstd_type_traits:343:6:) [with Base = BTN_SET; F = void(); T1 = BTN_SET* const&; Args = {}]	24	static
/home/phatt/University/apps/lcd-1-prep/apps-workspace.mcu/lcd/mbed-os/platform/include/platform/Callback.h:120:3:) [with R = void; F = mbed::Callback<void()>::Callback<BTN_SET*, void (BTN_SET::*)()>(BTN_SET*, void (BTN_SET::*)())::<lambda()>&; Args = {}; typename std::enable_if<std::is_void< <template-parameter-1-1> >::value, int>::type <anonymous> = 0]	16	static
/usr/local/mcuxpressoide-11.9.0_2144/ide/plugins/com.nxp.mcuxpresso.tools.linux_11.9.0.202307121226/tools/arm-none-eabi/include/c++/12.3.1/bits/move.h:77:5:constexpr _Tp&& std::forward(typename remove_reference<_Tp>::type&) [with _Tp = mbed::Callback<void()>::Callback<PWMDigOutRGB*, void (PWMDigOutRGB::*)()>(PWMDigOutRGB*, void (PWMDigOutRGB::*)())::<lambda()>&]	8	static
/home/phatt/University/apps/lcd-1-prep/apps-workspace.mcu/lcd/mbed-os/platform/cxxsupport/mstd_functional:42:29:) [with F = mbed::Callback<void()>::Callback<PWMDigOutRGB*, void (PWMDigOutRGB::*)()>(PWMDigOutRGB*, void (PWMDigOutRGB::*)())::<lambda()>&; Args = {}]	16	static
/usr/local/mcuxpressoide-11.9.0_2144/ide/plugins/com.nxp.mcuxpresso.tools.linux_11.9.0.202307121226/tools/arm-none-eabi/include/c++/12.3.1/bits/move.h:77:5:constexpr _Tp&& std::forward(typename remove_reference<_Tp>::type&) [with _Tp = mbed::Callback<void()>::Callback<PWMDigOut*, void (PWMDigOut::*)()>(PWMDigOut*, void (PWMDigOut::*)())::<lambda()>&]	8	static
/home/phatt/University/apps/lcd-1-prep/apps-workspace.mcu/lcd/mbed-os/platform/cxxsupport/mstd_functional:42:29:) [with F = mbed::Callback<void()>::Callback<PWMDigOut*, void (PWMDigOut::*)()>(PWMDigOut*, void (PWMDigOut::*)())::<lambda()>&; Args = {}]	16	static
/usr/local/mcuxpressoide-11.9.0_2144/ide/plugins/com.nxp.mcuxpresso.tools.linux_11.9.0.202307121226/tools/arm-none-eabi/include/c++/12.3.1/bits/move.h:77:5:constexpr _Tp&& std::forward(typename remove_reference<_Tp>::type&) [with _Tp = mbed::Callback<void()>::Callback<BTN_NOT*, void (BTN_NOT::*)()>(BTN_NOT*, void (BTN_NOT::*)())::<lambda()>&]	8	static
/home/phatt/University/apps/lcd-1-prep/apps-workspace.mcu/lcd/mbed-os/platform/cxxsupport/mstd_functional:42:29:) [with F = mbed::Callback<void()>::Callback<BTN_NOT*, void (BTN_NOT::*)()>(BTN_NOT*, void (BTN_NOT::*)())::<lambda()>&; Args = {}]	16	static
/usr/local/mcuxpressoide-11.9.0_2144/ide/plugins/com.nxp.mcuxpresso.tools.linux_11.9.0.202307121226/tools/arm-none-eabi/include/c++/12.3.1/bits/move.h:77:5:constexpr _Tp&& std::forward(typename remove_reference<_Tp>::type&) [with _Tp = mbed::Callback<void()>::Callback<BTN_SET*, void (BTN_SET::*)()>(BTN_SET*, void (BTN_SET::*)())::<lambda()>&]	8	static
/home/phatt/University/apps/lcd-1-prep/apps-workspace.mcu/lcd/mbed-os/platform/cxxsupport/mstd_functional:42:29:) [with F = mbed::Callback<void()>::Callback<BTN_SET*, void (BTN_SET::*)()>(BTN_SET*, void (BTN_SET::*)())::<lambda()>&; Args = {}]	16	static
/home/phatt/University/apps/lcd-1-prep/apps-workspace.mcu/lcd/mbed-os/platform/cxxsupport/mstd_type_traits:385:6:) [with F = mbed::Callback<void()>::Callback<PWMDigOutRGB*, void (PWMDigOutRGB::*)()>(PWMDigOutRGB*, void (PWMDigOutRGB::*)())::<lambda()>&; Args = {}]	16	static
/home/phatt/University/apps/lcd-1-prep/apps-workspace.mcu/lcd/mbed-os/platform/cxxsupport/mstd_type_traits:385:6:) [with F = mbed::Callback<void()>::Callback<PWMDigOut*, void (PWMDigOut::*)()>(PWMDigOut*, void (PWMDigOut::*)())::<lambda()>&; Args = {}]	16	static
/home/phatt/University/apps/lcd-1-prep/apps-workspace.mcu/lcd/mbed-os/platform/cxxsupport/mstd_type_traits:385:6:) [with F = mbed::Callback<void()>::Callback<BTN_NOT*, void (BTN_NOT::*)()>(BTN_NOT*, void (BTN_NOT::*)())::<lambda()>&; Args = {}]	16	static
/home/phatt/University/apps/lcd-1-prep/apps-workspace.mcu/lcd/mbed-os/platform/cxxsupport/mstd_type_traits:385:6:) [with F = mbed::Callback<void()>::Callback<BTN_SET*, void (BTN_SET::*)()>(BTN_SET*, void (BTN_SET::*)())::<lambda()>&; Args = {}]	16	static
