/usr/local/mcuxpressoide-11.9.0_2144/ide/plugins/com.nxp.mcuxpresso.tools.linux_11.9.0.202307121226/tools/arm-none-eabi/include/c++/12.3.1/arm-none-eabi/thumb/v7e-m+fp/softfp/bits/gthr-default.h:229:1:int __gthread_key_delete(__gthread_key_t)	8	static
/usr/local/mcuxpressoide-11.9.0_2144/ide/plugins/com.nxp.mcuxpresso.tools.linux_11.9.0.202307121226/tools/arm-none-eabi/include/c++/12.3.1/bits/std_abs.h:56:3:long int std::abs(long int)	8	static
../graph_class.cpp:15:1:GraphElement::GraphElement(RGB, RGB)	16	static
../graph_class.cpp:20:6:void GraphElement::drawPixel(int32_t, int32_t)	24	static
../graph_class.cpp:27:6:virtual void GraphElement::hide()	16	static
../graph_class.cpp:28:6:void GraphElement::swap_fg_bg_color()	16	static
../graph_class.cpp:29:10:uint16_t GraphElement::convert_RGB888_to_RGB565(RGB)	8	static
../graph_class.cpp:34:1:Pixel::Pixel(Point2D, RGB, RGB)	24	static
../graph_class.cpp:37:6:virtual void Pixel::draw()	16	static
../graph_class.cpp:42:1:Circle::Circle(Point2D, int32_t, RGB, RGB)	24	static
../graph_class.cpp:46:6:void Circle::other_octant(int, int, int, int)	24	static
../graph_class.cpp:57:6:virtual void Circle::draw()	48	static
../graph_class.cpp:89:1:Character::Character(Point2D, char, RGB, RGB)	24	static
../graph_class.cpp:93:6:virtual void Character::draw()	16	static
../graph_class.cpp:97:6:void Character::draw(uint8_t, uint8_t)	88	static
../graph_class.cpp:114:1:String::String(Point2D, const char*, RGB, RGB)	24	static
../graph_class.cpp:120:6:virtual void String::draw()	16	static
../graph_class.cpp:124:6:void String::draw(uint8_t, uint8_t)	120	static
../graph_class.cpp:159:1:Line::Line(Point2D, Point2D, RGB, RGB)	24	static
../graph_class.cpp:163:6:void Line::draw_line(Point2D, Point2D)	56	static
../graph_class.cpp:189:6:virtual void Line::draw()	24	static
