Archive member included to satisfy reference by file (symbol)

/home/phatt/University/apps/lcd-1-prep/apps-workspace.mcu/lcd/mbed-os/lib/libmbed-os.a(SPI.o)
                              ./lcd_lib.o (mbed::SPI::~SPI())
/home/phatt/University/apps/lcd-1-prep/apps-workspace.mcu/lcd/mbed-os/lib/libmbed-os.a(Ticker.o)
                              ./button_classes.o (mbed::TickerBase::attach(mbed::Callback<void ()>, std::chrono::duration<long long, std::ratio<1ll, 1000000ll> >))
/home/phatt/University/apps/lcd-1-prep/apps-workspace.mcu/lcd/mbed-os/lib/libmbed-os.a(TimerEvent.o)
                              /home/phatt/University/apps/lcd-1-prep/apps-workspace.mcu/lcd/mbed-os/lib/libmbed-os.a(Ticker.o) (mbed::TimerEvent::TimerEvent(ticker_data_t const*))
/home/phatt/University/apps/lcd-1-prep/apps-workspace.mcu/lcd/mbed-os/lib/libmbed-os.a(mbed_gpio.o)
                              ./button_classes.o (gpio_init_in)
/home/phatt/University/apps/lcd-1-prep/apps-workspace.mcu/lcd/mbed-os/lib/libmbed-os.a(mbed_lp_ticker_api.o)
                              /home/phatt/University/apps/lcd-1-prep/apps-workspace.mcu/lcd/mbed-os/lib/libmbed-os.a(Ticker.o) (get_lp_ticker_data)
/home/phatt/University/apps/lcd-1-prep/apps-workspace.mcu/lcd/mbed-os/lib/libmbed-os.a(mbed_us_ticker_api.o)
                              ./lcd_lib.o (_us_ticker_initialized)
/home/phatt/University/apps/lcd-1-prep/apps-workspace.mcu/lcd/mbed-os/lib/libmbed-os.a(mbed_ticker_api.o)
                              /home/phatt/University/apps/lcd-1-prep/apps-workspace.mcu/lcd/mbed-os/lib/libmbed-os.a(TimerEvent.o) (ticker_set_handler)
/home/phatt/University/apps/lcd-1-prep/apps-workspace.mcu/lcd/mbed-os/lib/libmbed-os.a(static_pinmap.o)
                              /home/phatt/University/apps/lcd-1-prep/apps-workspace.mcu/lcd/mbed-os/lib/libmbed-os.a(SPI.o) (spi_init_direct)
/home/phatt/University/apps/lcd-1-prep/apps-workspace.mcu/lcd/mbed-os/lib/libmbed-os.a(CriticalSectionLock.o)
                              /home/phatt/University/apps/lcd-1-prep/apps-workspace.mcu/lcd/mbed-os/lib/libmbed-os.a(Ticker.o) (mbed::CriticalSectionLock::CriticalSectionLock())
/home/phatt/University/apps/lcd-1-prep/apps-workspace.mcu/lcd/mbed-os/lib/libmbed-os.a(CThunkBase.o)
                              /home/phatt/University/apps/lcd-1-prep/apps-workspace.mcu/lcd/mbed-os/lib/libmbed-os.a(SPI.o) (CThunkBase::cthunk_alloc(CThunkBase*))
/home/phatt/University/apps/lcd-1-prep/apps-workspace.mcu/lcd/mbed-os/lib/libmbed-os.a(mbed_assert.o)
                              /home/phatt/University/apps/lcd-1-prep/apps-workspace.mcu/lcd/mbed-os/lib/libmbed-os.a(SPI.o) (mbed_assert_internal)
/home/phatt/University/apps/lcd-1-prep/apps-workspace.mcu/lcd/mbed-os/lib/libmbed-os.a(mbed_critical.o)
                              /home/phatt/University/apps/lcd-1-prep/apps-workspace.mcu/lcd/mbed-os/lib/libmbed-os.a(SPI.o) (core_util_critical_section_enter)
/home/phatt/University/apps/lcd-1-prep/apps-workspace.mcu/lcd/mbed-os/lib/libmbed-os.a(mbed_error.o)
                              /home/phatt/University/apps/lcd-1-prep/apps-workspace.mcu/lcd/mbed-os/lib/libmbed-os.a(mbed_ticker_api.o) (mbed_error)
/home/phatt/University/apps/lcd-1-prep/apps-workspace.mcu/lcd/mbed-os/lib/libmbed-os.a(mbed_power_mgmt.o)
                              /home/phatt/University/apps/lcd-1-prep/apps-workspace.mcu/lcd/mbed-os/lib/libmbed-os.a(SPI.o) (sleep_manager_lock_deep_sleep_internal)
/home/phatt/University/apps/lcd-1-prep/apps-workspace.mcu/lcd/mbed-os/lib/libmbed-os.a(mbed_sdk_boot.o)
                              /usr/local/mcuxpressoide-11.9.0_2144/ide/plugins/com.nxp.mcuxpresso.tools.linux_11.9.0.202307121226/tools/bin/../lib/gcc/arm-none-eabi/12.3.1/../../../../arm-none-eabi/lib/thumb/v7e-m+fp/softfp/crt0.o (__wrap_main)
/home/phatt/University/apps/lcd-1-prep/apps-workspace.mcu/lcd/mbed-os/lib/libmbed-os.a(mbed_wait_api_no_rtos.o)
                              ./lcd_lib.o (_wait_us_ticks)
/home/phatt/University/apps/lcd-1-prep/apps-workspace.mcu/lcd/mbed-os/lib/libmbed-os.a(mbed_retarget.o)
                              /usr/local/mcuxpressoide-11.9.0_2144/ide/plugins/com.nxp.mcuxpresso.tools.linux_11.9.0.202307121226/tools/bin/../lib/gcc/arm-none-eabi/12.3.1/../../../../arm-none-eabi/lib/thumb/v7e-m+fp/softfp/crt0.o (__wrap_exit)
/home/phatt/University/apps/lcd-1-prep/apps-workspace.mcu/lcd/mbed-os/lib/libmbed-os.a(startup_MK64F12.o)
                              (Reset_Handler)
/home/phatt/University/apps/lcd-1-prep/apps-workspace.mcu/lcd/mbed-os/lib/libmbed-os.a(system_MK64F12.o)
                              /home/phatt/University/apps/lcd-1-prep/apps-workspace.mcu/lcd/mbed-os/lib/libmbed-os.a(startup_MK64F12.o) (SystemInit)
/home/phatt/University/apps/lcd-1-prep/apps-workspace.mcu/lcd/mbed-os/lib/libmbed-os.a(pwmout_api.o)
                              /home/phatt/University/apps/lcd-1-prep/apps-workspace.mcu/lcd/mbed-os/lib/libmbed-os.a(static_pinmap.o) (pwmout_init)
[...]
Memory Configuration

Name             Origin             Length             Attributes
m_interrupts     0x00000000         0x00000400         xr
m_flash_config   0x00000400         0x00000010         xr
m_text           0x00000410         0x000ffbf0         xr
m_data           0x1fff0000         0x00010000         rw
m_data_2         0x20000000         0x00030000         rw
*default*        0x00000000         0xffffffff

Linker script and memory map

LOAD /usr/local/mcuxpressoide-11.9.0_2144/ide/plugins/com.nxp.mcuxpresso.tools.linux_11.9.0.202307121226/tools/bin/../lib/gcc/arm-none-eabi/12.3.1/thumb/v7e-m+fp/softfp/crti.o
LOAD /usr/local/mcuxpressoide-11.9.0_2144/ide/plugins/com.nxp.mcuxpresso.tools.linux_11.9.0.202307121226/tools/bin/../lib/gcc/arm-none-eabi/12.3.1/thumb/v7e-m+fp/softfp/crtbegin.o
LOAD /usr/local/mcuxpressoide-11.9.0_2144/ide/plugins/com.nxp.mcuxpresso.tools.linux_11.9.0.202307121226/tools/bin/../lib/gcc/arm-none-eabi/12.3.1/../../../../arm-none-eabi/lib/thumb/v7e-m+fp/softfp/crt0.o
LOAD ./mbed-os/symbols.o
LOAD ./button_classes.o
LOAD ./graph_class.o
LOAD ./lcd_lib.o
LOAD ./main.o
START GROUP
LOAD /usr/local/mcuxpressoide-11.9.0_2144/ide/plugins/com.nxp.mcuxpresso.tools.linux_11.9.0.202307121226/tools/bin/../lib/gcc/arm-none-eabi/12.3.1/../../../../arm-none-eabi/lib/thumb/v7e-m+fp/softfp/libstdc++.a
LOAD /usr/local/mcuxpressoide-11.9.0_2144/ide/plugins/com.nxp.mcuxpresso.tools.linux_11.9.0.202307121226/tools/bin/../lib/gcc/arm-none-eabi/12.3.1/../../../../arm-none-eabi/lib/thumb/v7e-m+fp/softfp/libsupc++.a
LOAD /usr/local/mcuxpressoide-11.9.0_2144/ide/plugins/com.nxp.mcuxpresso.tools.linux_11.9.0.202307121226/tools/bin/../lib/gcc/arm-none-eabi/12.3.1/thumb/v7e-m+fp/softfp/libgcc.a
LOAD /usr/local/mcuxpressoide-11.9.0_2144/ide/plugins/com.nxp.mcuxpresso.tools.linux_11.9.0.202307121226/tools/bin/../lib/gcc/arm-none-eabi/12.3.1/../../../../arm-none-eabi/lib/thumb/v7e-m+fp/softfp/libnosys.a
LOAD /home/phatt/University/apps/lcd-1-prep/apps-workspace.mcu/lcd/mbed-os/lib/libmbed-os.a
END GROUP
LOAD /home/phatt/University/apps/lcd-1-prep/apps-workspace.mcu/lcd/mbed-os/lib/libmbed-os.a
LOAD /usr/local/mcuxpressoide-11.9.0_2144/ide/plugins/com.nxp.mcuxpresso.tools.linux_11.9.0.202307121226/tools/bin/../lib/gcc/arm-none-eabi/12.3.1/../../../../arm-none-eabi/lib/thumb/v7e-m+fp/softfp/libstdc++.a
LOAD /usr/local/mcuxpressoide-11.9.0_2144/ide/plugins/com.nxp.mcuxpresso.tools.linux_11.9.0.202307121226/tools/bin/../lib/gcc/arm-none-eabi/12.3.1/../../../../arm-none-eabi/lib/thumb/v7e-m+fp/softfp/libsupc++.a
LOAD /usr/local/mcuxpressoide-11.9.0_2144/ide/plugins/com.nxp.mcuxpresso.tools.linux_11.9.0.202307121226/tools/bin/../lib/gcc/arm-none-eabi/12.3.1/../../../../arm-none-eabi/lib/thumb/v7e-m+fp/softfp/libm.a
LOAD /usr/local/mcuxpressoide-11.9.0_2144/ide/plugins/com.nxp.mcuxpresso.tools.linux_11.9.0.202307121226/tools/bin/../lib/gcc/arm-none-eabi/12.3.1/../../../../arm-none-eabi/lib/thumb/v7e-m+fp/softfp/libc.a
LOAD /usr/local/mcuxpressoide-11.9.0_2144/ide/plugins/com.nxp.mcuxpresso.tools.linux_11.9.0.202307121226/tools/bin/../lib/gcc/arm-none-eabi/12.3.1/thumb/v7e-m+fp/softfp/libgcc.a
LOAD /usr/local/mcuxpressoide-11.9.0_2144/ide/plugins/com.nxp.mcuxpresso.tools.linux_11.9.0.202307121226/tools/bin/../lib/gcc/arm-none-eabi/12.3.1/../../../../arm-none-eabi/lib/thumb/v7e-m+fp/softfp/libnosys.a
LOAD /usr/local/mcuxpressoide-11.9.0_2144/ide/plugins/com.nxp.mcuxpresso.tools.linux_11.9.0.202307121226/tools/bin/../lib/gcc/arm-none-eabi/12.3.1/../../../../arm-none-eabi/lib/thumb/v7e-m+fp/softfp/libstdc++.a
LOAD /usr/local/mcuxpressoide-11.9.0_2144/ide/plugins/com.nxp.mcuxpresso.tools.linux_11.9.0.202307121226/tools/bin/../lib/gcc/arm-none-eabi/12.3.1/../../../../arm-none-eabi/lib/thumb/v7e-m+fp/softfp/libm.a
LOAD /usr/local/mcuxpressoide-11.9.0_2144/ide/plugins/com.nxp.mcuxpresso.tools.linux_11.9.0.202307121226/tools/bin/../lib/gcc/arm-none-eabi/12.3.1/../../../../arm-none-eabi/lib/thumb/v7e-m+fp/softfp/libc.a
START GROUP
LOAD /usr/local/mcuxpressoide-11.9.0_2144/ide/plugins/com.nxp.mcuxpresso.tools.linux_11.9.0.202307121226/tools/bin/../lib/gcc/arm-none-eabi/12.3.1/thumb/v7e-m+fp/softfp/libgcc.a
LOAD /usr/local/mcuxpressoide-11.9.0_2144/ide/plugins/com.nxp.mcuxpresso.tools.linux_11.9.0.202307121226/tools/bin/../lib/gcc/arm-none-eabi/12.3.1/../../../../arm-none-eabi/lib/thumb/v7e-m+fp/softfp/libc.a
END GROUP
LOAD /usr/local/mcuxpressoide-11.9.0_2144/ide/plugins/com.nxp.mcuxpresso.tools.linux_11.9.0.202307121226/tools/bin/../lib/gcc/arm-none-eabi/12.3.1/thumb/v7e-m+fp/softfp/crtend.o
LOAD /usr/local/mcuxpressoide-11.9.0_2144/ide/plugins/com.nxp.mcuxpresso.tools.linux_11.9.0.202307121226/tools/bin/../lib/gcc/arm-none-eabi/12.3.1/thumb/v7e-m+fp/softfp/crtn.o
                0x00000001                        __ram_vector_table__ = 0x1
                0x00000400                        __stack_size__ = 0x400
                0x00000400                        STACK_SIZE = DEFINED (__stack_size__)?__stack_size__:0x400
                0x00000400                        M_VECTOR_RAM_SIZE = DEFINED (__ram_vector_table__)?0x400:0x0
                0x00000100                        M_CRASH_DATA_RAM_SIZE = 0x100

.interrupts     0x00000000      0x400
                0x00000000                        __VECTOR_TABLE = .
                0x00000000                        . = ALIGN (0x8)
 *(.isr_vector)
 .isr_vector    0x00000000      0x400 /home/phatt/University/apps/lcd-1-prep/apps-workspace.mcu/lcd/mbed-os/lib/libmbed-os.a(startup_MK64F12.o)
                0x00000000                __isr_vector
                0x00000400                        . = ALIGN (0x8)

.flash_config   0x00000400       0x10
                0x00000400                        . = ALIGN (0x8)
 *(.FlashConfig)
 .FlashConfig   0x00000400       0x10 /home/phatt/University/apps/lcd-1-prep/apps-workspace.mcu/lcd/mbed-os/lib/libmbed-os.a(startup_MK64F12.o)
                0x00000410                        . = ALIGN (0x8)

.text           0x00000440    0x32ee8
                0x00000440                        . = ALIGN (0x8)
 *(.text)
 .text          0x00000440       0x7c /usr/local/mcuxpressoide-11.9.0_2144/ide/plugins/com.nxp.mcuxpresso.tools.linux_11.9.0.202307121226/tools/bin/../lib/gcc/arm-none-eabi/12.3.1/../../../../arm-none-eabi/lib/thumb/v7e-m+fp/softfp/crt0.o
                0x00000440                _stack_init
                0x00000448                _mainCRTStartup
                0x00000448                _start
 .text          0x000004bc      0x1e4 /home/phatt/University/apps/lcd-1-prep/apps-workspace.mcu/lcd/mbed-os/lib/libmbed-os.a(startup_MK64F12.o)
                0x000004bc                Reset_Handler
                0x00000500                DebugMon_Handler
                0x00000500                DMA_Error_DriverIRQHandler
                0x00000500                SDHC_DriverIRQHandler
                0x00000500                PIT0_IRQHandler
                0x00000500                CMP2_IRQHandler
                0x00000500                LLWU_IRQHandler
                0x00000500                I2S0_Tx_DriverIRQHandler
                0x00000500                ENET_1588_Timer_DriverIRQHandler
                0x00000500                SWI_IRQHandler
                0x00000500                ADC0_IRQHandler
                0x00000500                UsageFault_Handler
                0x00000500                CMT_IRQHandler
                0x00000500                DefaultISR
                0x00000500                UART5_ERR_DriverIRQHandler
                0x00000500                CMP1_IRQHandler
                0x00000500                Reserved71_IRQHandler
                0x00000500                PORTD_IRQHandler
                0x00000500                PORTB_IRQHandler
                0x00000500                UART2_ERR_DriverIRQHandler
                0x00000500                ADC1_IRQHandler
                0x00000500                PIT2_IRQHandler
                0x00000500                RTC_IRQHandler
                0x00000500                UART3_ERR_DriverIRQHandler
                0x00000500                PDB0_IRQHandler
                0x00000500                FTM1_IRQHandler
                0x00000500                PIT3_IRQHandler
                0x00000500                RTC_Seconds_IRQHandler
                0x00000500                MCG_IRQHandler
                0x00000500                FTFE_IRQHandler
                0x00000500                UART0_ERR_DriverIRQHandler
                0x00000500                Read_Collision_IRQHandler
                0x00000500                USBDCD_IRQHandler
                0x00000500                I2S0_Rx_DriverIRQHandler
                0x00000500                USB0_IRQHandler
                0x00000500                UART4_ERR_DriverIRQHandler
                0x00000500                WDOG_EWM_IRQHandler
                0x00000500                MemManage_Handler
                0x00000500                UART0_LON_DriverIRQHandler
                0x00000500                RNG_IRQHandler
                0x00000500                ENET_Receive_DriverIRQHandler
                0x00000500                DAC0_IRQHandler
                0x00000500                ENET_Error_DriverIRQHandler
                0x00000500                PIT1_IRQHandler
                0x00000500                LVD_LVW_IRQHandler
                0x00000500                FTM0_IRQHandler
                0x00000500                PORTA_IRQHandler
                0x00000500                DAC1_IRQHandler
                0x00000500                MCM_IRQHandler
                0x00000500                CAN0_DriverIRQHandler
                0x00000500                FTM3_IRQHandler
                0x00000500                PORTE_IRQHandler
                0x00000500                FTM2_IRQHandler
                0x00000500                LPTMR0_IRQHandler
                0x00000500                BusFault_Handler
                0x00000500                UART1_ERR_DriverIRQHandler
                0x00000500                ENET_Transmit_DriverIRQHandler
                0x00000500                CMP0_IRQHandler
                0x00000500                PORTC_IRQHandler
                0x00000504                NMI_Handler
                0x00000508                HardFault_Handler
                0x0000050c                SVC_Handler
                0x00000510                PendSV_Handler
                0x00000514                SysTick_Handler
                0x00000518                DMA0_IRQHandler
                0x0000051c                DMA1_IRQHandler
                0x00000520                DMA2_IRQHandler
                0x00000524                DMA3_IRQHandler
                0x00000528                DMA4_IRQHandler
                0x0000052c                DMA5_IRQHandler
                0x00000530                DMA6_IRQHandler
                0x00000534                DMA7_IRQHandler
                0x00000538                DMA8_IRQHandler
                0x0000053c                DMA9_IRQHandler
                0x00000540                DMA10_IRQHandler
                0x00000544                DMA11_IRQHandler
                0x00000548                DMA12_IRQHandler
                0x0000054c                DMA13_IRQHandler
                0x00000550                DMA14_IRQHandler
                0x00000554                DMA15_IRQHandler
                0x00000558                DMA_Error_IRQHandler
                0x0000055c                I2C0_IRQHandler
                0x00000560                I2C1_IRQHandler
                0x00000564                SPI0_IRQHandler
                0x00000568                SPI1_IRQHandler
                0x0000056c                I2S0_Tx_IRQHandler
                0x00000570                I2S0_Rx_IRQHandler
                0x00000574                UART0_LON_IRQHandler
                0x00000578                UART0_RX_TX_IRQHandler
                0x0000057c                UART0_ERR_IRQHandler
                0x00000580                UART1_RX_TX_IRQHandler
                0x00000584                UART1_ERR_IRQHandler
                0x00000588                UART2_RX_TX_IRQHandler
                0x0000058c                UART2_ERR_IRQHandler
                0x00000590                UART3_RX_TX_IRQHandler
                0x00000594                UART3_ERR_IRQHandler
                0x00000598                SPI2_IRQHandler
                0x0000059c                UART4_RX_TX_IRQHandler
                0x000005a0                UART4_ERR_IRQHandler
                0x000005a4                UART5_RX_TX_IRQHandler
                0x000005a8                UART5_ERR_IRQHandler
                0x000005ac                I2C2_IRQHandler
                0x000005b0                CAN0_ORed_Message_buffer_IRQHandler
                0x000005b4                CAN0_Bus_Off_IRQHandler
                0x000005b8                CAN0_Error_IRQHandler
                0x000005bc                CAN0_Tx_Warning_IRQHandler
                0x000005c0                CAN0_Rx_Warning_IRQHandler
                0x000005c4                CAN0_Wake_Up_IRQHandler
                0x000005c8                SDHC_IRQHandler
                0x000005cc                ENET_1588_Timer_IRQHandler
                0x000005d0                ENET_Transmit_IRQHandler
                0x000005d4                ENET_Receive_IRQHandler
                0x000005d8                ENET_Error_IRQHandler
 .text          0x000006a0       0x30 /usr/local/mcuxpressoide-11.9.0_2144/ide/plugins/com.nxp.mcuxpresso.tools.linux_11.9.0.202307121226/tools/bin/../lib/gcc/arm-none-eabi/12.3.1/thumb/v7e-m+fp/softfp/libgcc.a(_aeabi_uldivmod.o)
                0x000006a0                __aeabi_uldivmod
 .text          0x000006d0        0x4 /usr/local/mcuxpressoide-11.9.0_2144/ide/plugins/com.nxp.mcuxpresso.tools.linux_11.9.0.202307121226/tools/bin/../lib/gcc/arm-none-eabi/12.3.1/thumb/v7e-m+fp/softfp/libgcc.a(_dvmd_tls.o)
                0x000006d0                __aeabi_ldiv0
                0x000006d0                __aeabi_idiv0
 .text          0x000006d4      0x134 /usr/local/mcuxpressoide-11.9.0_2144/ide/plugins/com.nxp.mcuxpresso.tools.linux_11.9.0.202307121226/tools/bin/../lib/gcc/arm-none-eabi/12.3.1/../../../../arm-none-eabi/lib/thumb/v7e-m+fp/softfp/libc.a(libc_a-memcpy.o)
                0x000006d4                memcpy
 *fill*         0x00000808       0x38 
 .text          0x00000840       0xd8 /usr/local/mcuxpressoide-11.9.0_2144/ide/plugins/com.nxp.mcuxpresso.tools.linux_11.9.0.202307121226/tools/bin/../lib/gcc/arm-none-eabi/12.3.1/../../../../arm-none-eabi/lib/thumb/v7e-m+fp/softfp/libc.a(libc_a-strlen.o)
                0x00000840                strlen
 *fill*         0x00000918        0x8 
 .text          0x00000920       0xa0 /usr/local/mcuxpressoide-11.9.0_2144/ide/plugins/com.nxp.mcuxpresso.tools.linux_11.9.0.202307121226/tools/bin/../lib/gcc/arm-none-eabi/12.3.1/../../../../arm-none-eabi/lib/thumb/v7e-m+fp/softfp/libc.a(libc_a-memchr.o)
                0x00000920                memchr
 *(.text*)
 .text.deregister_tm_clones
                0x000009c0       0x1c /usr/local/mcuxpressoide-11.9.0_2144/ide/plugins/com.nxp.mcuxpresso.tools.linux_11.9.0.202307121226/tools/bin/../lib/gcc/arm-none-eabi/12.3.1/thumb/v7e-m+fp/softfp/crtbegin.o
 .text.register_tm_clones
                0x000009dc       0x24 /usr/local/mcuxpressoide-11.9.0_2144/ide/plugins/com.nxp.mcuxpresso.tools.linux_11.9.0.202307121226/tools/bin/../lib/gcc/arm-none-eabi/12.3.1/thumb/v7e-m+fp/softfp/crtbegin.o
 .text.__do_global_dtors_aux
                0x00000a00       0x28 /usr/local/mcuxpressoide-11.9.0_2144/ide/plugins/com.nxp.mcuxpresso.tools.linux_11.9.0.202307121226/tools/bin/../lib/gcc/arm-none-eabi/12.3.1/thumb/v7e-m+fp/softfp/crtbegin.o
 .text.frame_dummy
                0x00000a28       0x24 /usr/local/mcuxpressoide-11.9.0_2144/ide/plugins/com.nxp.mcuxpresso.tools.linux_11.9.0.202307121226/tools/bin/../lib/gcc/arm-none-eabi/12.3.1/thumb/v7e-m+fp/softfp/crtbegin.o
 .text._getpid  0x00000a4c        0xc ./mbed-os/symbols.o
                0x00000a4c                _getpid
 .text._kill    0x00000a58        0xc ./mbed-os/symbols.o
                0x00000a58                _kill
 .text.__aeabi_atexit
                0x00000a64        0xc ./mbed-os/symbols.o
                0x00000a64                __aeabi_atexit
 .text._ZN4mbed10DigitalOut5writeEi
                0x00000a70       0x1a ./button_classes.o
                0x00000a70                mbed::DigitalOut::write(int)
 .text._ZN4mbed10DigitalOutaSEi
                0x00000a8a       0x1a ./button_classes.o
                0x00000a8a                mbed::DigitalOut::operator=(int)
 .text._ZSt3absl
                0x00000aa4       0x12 ./graph_class.o
                0x00000aa4                std::abs(long)
 *fill*         0x00000ab6        0x2 
 .text._ZN12GraphElementC2E3RGBS0_
                0x00000ab8       0x3c ./graph_class.o
                0x00000ab8                GraphElement::GraphElement(RGB, RGB)
                0x00000ab8                GraphElement::GraphElement(RGB, RGB)
 .text._ZN12GraphElement9drawPixelEll
                0x00000af4       0x42 ./graph_class.o
                0x00000af4                GraphElement::drawPixel(long, long)
 .text._ZN12GraphElement4hideEv
                0x00000b36       0x24 ./graph_class.o
                0x00000b36                GraphElement::hide()
 .text._ZN12GraphElement16swap_fg_bg_colorEv
                0x00000b5a       0x3a ./graph_class.o
                0x00000b5a                GraphElement::swap_fg_bg_color()
 .text._ZN12GraphElement24convert_RGB888_to_RGB565E3RGB
                0x00000b94       0x34 ./graph_class.o
                0x00000b94                GraphElement::convert_RGB888_to_RGB565(RGB)
 .text._ZN5PixelC2E7Point2D3RGBS1_
                0x00000bc8       0x3c ./graph_class.o
                0x00000bc8                Pixel::Pixel(Point2D, RGB, RGB)
                0x00000bc8                Pixel::Pixel(Point2D, RGB, RGB)
 .text._ZN5Pixel4drawEv
                0x00000c04       0x1e ./graph_class.o
                0x00000c04                Pixel::draw()
 *fill*         0x00000c22        0x2 
 .text._ZN6CircleC2E7Point2Dl3RGBS1_
                0x00000c24       0x44 ./graph_class.o
                0x00000c24                Circle::Circle(Point2D, long, RGB, RGB)
                0x00000c24                Circle::Circle(Point2D, long, RGB, RGB)
 .text._ZN6Circle12other_octantEiiii
                0x00000c68       0xb4 ./graph_class.o
                0x00000c68                Circle::other_octant(int, int, int, int)
 .text._ZN6Circle4drawEv
                0x00000d1c       0x8e ./graph_class.o
                0x00000d1c                Circle::draw()
 *fill*         0x00000daa        0x2 
 .text._ZN9CharacterC2E7Point2Dc3RGBS1_
                0x00000dac       0x48 ./graph_class.o
                0x00000dac                Character::Character(Point2D, char, RGB, RGB)
                0x00000dac                Character::Character(Point2D, char, RGB, RGB)
 .text._ZN9Character4drawEv
                0x00000df4       0x18 ./graph_class.o
                0x00000df4                Character::draw()
 .text._ZN9Character4drawEhh
                0x00000e0c      0x4c0 ./graph_class.o
                0x00000e0c                Character::draw(unsigned char, unsigned char)
 .text._ZN6StringC2E7Point2DPKc3RGBS3_
                0x000012cc       0x44 ./graph_class.o
                0x000012cc                String::String(Point2D, char const*, RGB, RGB)
                0x000012cc                String::String(Point2D, char const*, RGB, RGB)
 .text._ZN6String4drawEv
                0x00001310       0x18 ./graph_class.o
                0x00001310                String::draw()
 .text._ZN6String4drawEhh
                0x00001328      0x5c4 ./graph_class.o
                0x00001328                String::draw(unsigned char, unsigned char)
 .text._ZN4LineC2E7Point2DS0_3RGBS1_
                0x000018ec       0x50 ./graph_class.o
                0x000018ec                Line::Line(Point2D, Point2D, RGB, RGB)
                0x000018ec                Line::Line(Point2D, Point2D, RGB, RGB)
 .text._ZN4Line9draw_lineE7Point2DS0_
                0x0000193c       0xc4 ./graph_class.o
                0x0000193c                Line::draw_line(Point2D, Point2D)
 .text._ZN4Line4drawEv
                0x00001a00       0x22 ./graph_class.o
                0x00001a00                Line::draw()
 .text._ZN4mbed10DigitalOutC2E7PinNamei
                0x00001a22       0x26 ./lcd_lib.o
                0x00001a22                mbed::DigitalOut::DigitalOut(PinName, int)
                0x00001a22                mbed::DigitalOut::DigitalOut(PinName, int)
 .text._Z17lcd_write_commandh
                0x00001a48       0x44 ./lcd_lib.o
                0x00001a48                lcd_write_command(unsigned char)
 .text._Z14lcd_write_datah
                0x00001a8c       0x44 ./lcd_lib.o
                0x00001a8c                lcd_write_data(unsigned char)
 .text._Z17lcd_write_data_16t
                0x00001ad0       0x60 ./lcd_lib.o
                0x00001ad0                lcd_write_data_16(unsigned short)
 .text._Z18lcd_write_data_bufPhm
                0x00001b30       0x48 ./lcd_lib.o
                0x00001b30                lcd_write_data_buf(unsigned char*, unsigned long)
 .text._Z13lcd_put_pixelllt
                0x00001b78       0x5a ./lcd_lib.o
                0x00001b78                lcd_put_pixel(long, long, unsigned short)
 *fill*         0x00001bd2        0x2 
 .text._Z9lcd_resetv
                0x00001bd4       0x2c ./lcd_lib.o
                0x00001bd4                lcd_reset()
 .text._Z8lcd_initv
                0x00001c00      0x1c8 ./lcd_lib.o
                0x00001c00                lcd_init()
 .text._Z41__static_initialization_and_destruction_0ii
                0x00001dc8       0x90 ./lcd_lib.o
 .text._GLOBAL__sub_I__g_cs
                0x00001e58        0xe ./lcd_lib.o
 *fill*         0x00001e66        0x2 
 .text.main     0x00001e68      0x2fc ./main.o
                0x00001e68                main
 .text._ZN6CThunkIN4mbed3SPIEE10trampolineEP10CThunkBase
                0x00002164       0x32 /home/phatt/University/apps/lcd-1-prep/apps-workspace.mcu/lcd/mbed-os/lib/libmbed-os.a(SPI.o)
                0x00002164                CThunk<mbed::SPI>::trampoline(CThunkBase*)
 .text._ZN4mbed3SPI8_do_initEPS0_
                0x00002196       0x18 /home/phatt/University/apps/lcd-1-prep/apps-workspace.mcu/lcd/mbed-os/lib/libmbed-os.a(SPI.o)
                0x00002196                mbed::SPI::_do_init(mbed::SPI*)
 *fill*         0x000021ae        0x2 
 .text._ZN4mbed3SPI4lockEv
                0x000021b0       0x30 /home/phatt/University/apps/lcd-1-prep/apps-workspace.mcu/lcd/mbed-os/lib/libmbed-os.a(SPI.o)
                0x000021b0                mbed::SPI::lock()
                0x000021b0                mbed::SPI::unlock()
 .text._ZN4mbed3SPID2Ev
                0x000021e0       0x34 /home/phatt/University/apps/lcd-1-prep/apps-workspace.mcu/lcd/mbed-os/lib/libmbed-os.a(SPI.o)
                0x000021e0                mbed::SPI::~SPI()
                0x000021e0                mbed::SPI::~SPI()
 .text._ZN4mbed3SPID0Ev
                0x00002214       0x14 /home/phatt/University/apps/lcd-1-prep/apps-workspace.mcu/lcd/mbed-os/lib/libmbed-os.a(SPI.o)
                0x00002214                mbed::SPI::~SPI()
 .text._ZN4mbed3SPI7_lookupE7SPIName
                0x00002228       0x3c /home/phatt/University/apps/lcd-1-prep/apps-workspace.mcu/lcd/mbed-os/lib/libmbed-os.a(SPI.o)
                0x00002228                mbed::SPI::_lookup(SPIName)
 .text._ZN4mbed3SPI6_allocEv
                0x00002264       0x34 /home/phatt/University/apps/lcd-1-prep/apps-workspace.mcu/lcd/mbed-os/lib/libmbed-os.a(SPI.o)
                0x00002264                mbed::SPI::_alloc()
 .text._ZN4mbed3SPI13_do_constructEv
                0x00002298       0x40 /home/phatt/University/apps/lcd-1-prep/apps-workspace.mcu/lcd/mbed-os/lib/libmbed-os.a(SPI.o)
                0x00002298                mbed::SPI::_do_construct()
 .text._ZN4mbed3SPIC2E7PinNameS1_S1_S1_
                0x000022d8       0x5c /home/phatt/University/apps/lcd-1-prep/apps-workspace.mcu/lcd/mbed-os/lib/libmbed-os.a(SPI.o)
                0x000022d8                mbed::SPI::SPI(PinName, PinName, PinName, PinName)
                0x000022d8                mbed::SPI::SPI(PinName, PinName, PinName, PinName)
 .text._ZN4mbed3SPI8_acquireEv
                0x00002334       0x32 /home/phatt/University/apps/lcd-1-prep/apps-workspace.mcu/lcd/mbed-os/lib/libmbed-os.a(SPI.o)
                0x00002334                mbed::SPI::_acquire()
 .text._ZN4mbed3SPI6formatEii
                0x00002366       0x3c /home/phatt/University/apps/lcd-1-prep/apps-workspace.mcu/lcd/mbed-os/lib/libmbed-os.a(SPI.o)
                0x00002366                mbed::SPI::format(int, int)
 .text._ZN4mbed3SPI9frequencyEi
                0x000023a2       0x34 /home/phatt/University/apps/lcd-1-prep/apps-workspace.mcu/lcd/mbed-os/lib/libmbed-os.a(SPI.o)
                0x000023a2                mbed::SPI::frequency(int)
 .text._ZN4mbed3SPI9_set_sselEi
                0x000023d6        0xe /home/phatt/University/apps/lcd-1-prep/apps-workspace.mcu/lcd/mbed-os/lib/libmbed-os.a(SPI.o)
                0x000023d6                mbed::SPI::_set_ssel(int)
 .text._ZN4mbed3SPI6selectEv
                0x000023e4       0x2a /home/phatt/University/apps/lcd-1-prep/apps-workspace.mcu/lcd/mbed-os/lib/libmbed-os.a(SPI.o)
                0x000023e4                mbed::SPI::select()
 .text._ZN4mbed3SPI8deselectEv
                0x0000240e       0x24 /home/phatt/University/apps/lcd-1-prep/apps-workspace.mcu/lcd/mbed-os/lib/libmbed-os.a(SPI.o)
                0x0000240e                mbed::SPI::deselect()
 .text._ZN4mbed3SPI5writeEi
                0x00002432       0x20 /home/phatt/University/apps/lcd-1-prep/apps-workspace.mcu/lcd/mbed-os/lib/libmbed-os.a(SPI.o)
                0x00002432                mbed::SPI::write(int)
 .text._ZN4mbed3SPI5writeEPKciPci
                0x00002452       0x34 /home/phatt/University/apps/lcd-1-prep/apps-workspace.mcu/lcd/mbed-os/lib/libmbed-os.a(SPI.o)
                0x00002452                mbed::SPI::write(char const*, int, char*, int)
 .text._gpio_init_out
                0x00002486       0x30 /home/phatt/University/apps/lcd-1-prep/apps-workspace.mcu/lcd/mbed-os/lib/libmbed-os.a(mbed_gpio.o)
 .text.gpio_init_out_ex
                0x000024b6        0x8 /home/phatt/University/apps/lcd-1-prep/apps-workspace.mcu/lcd/mbed-os/lib/libmbed-os.a(mbed_gpio.o)
                0x000024b6                gpio_init_out_ex
 .text.gpio_init_out
                0x000024be        0x6 /home/phatt/University/apps/lcd-1-prep/apps-workspace.mcu/lcd/mbed-os/lib/libmbed-os.a(mbed_gpio.o)
                0x000024be                gpio_init_out
 .text.note_us_ticker_free
                0x000024c4       0x10 /home/phatt/University/apps/lcd-1-prep/apps-workspace.mcu/lcd/mbed-os/lib/libmbed-os.a(mbed_us_ticker_api.o)
 .text.note_us_ticker_init
                0x000024d4       0x14 /home/phatt/University/apps/lcd-1-prep/apps-workspace.mcu/lcd/mbed-os/lib/libmbed-os.a(mbed_us_ticker_api.o)
 .text.get_us_ticker_data
                0x000024e8        0x8 /home/phatt/University/apps/lcd-1-prep/apps-workspace.mcu/lcd/mbed-os/lib/libmbed-os.a(mbed_us_ticker_api.o)
                0x000024e8                get_us_ticker_data
 .text.us_ticker_irq_handler
                0x000024f0       0x14 /home/phatt/University/apps/lcd-1-prep/apps-workspace.mcu/lcd/mbed-os/lib/libmbed-os.a(mbed_us_ticker_api.o)
                0x000024f0                us_ticker_irq_handler
 .text.update_present_time
                0x00002504       0x86 /home/phatt/University/apps/lcd-1-prep/apps-workspace.mcu/lcd/mbed-os/lib/libmbed-os.a(mbed_ticker_api.o)
 .text._ticker_match_interval_passed
                0x0000258a       0x28 /home/phatt/University/apps/lcd-1-prep/apps-workspace.mcu/lcd/mbed-os/lib/libmbed-os.a(mbed_ticker_api.o)
                0x0000258a                _ticker_match_interval_passed
 *fill*         0x000025b2        0x2 
 .text.schedule_interrupt
                0x000025b4       0xf4 /home/phatt/University/apps/lcd-1-prep/apps-workspace.mcu/lcd/mbed-os/lib/libmbed-os.a(mbed_ticker_api.o)
 .text.initialize
                0x000026a8      0x124 /home/phatt/University/apps/lcd-1-prep/apps-workspace.mcu/lcd/mbed-os/lib/libmbed-os.a(mbed_ticker_api.o)
 .text.ticker_irq_handler
                0x000027cc       0x60 /home/phatt/University/apps/lcd-1-prep/apps-workspace.mcu/lcd/mbed-os/lib/libmbed-os.a(mbed_ticker_api.o)
                0x000027cc                ticker_irq_handler
 .text.ticker_read_us
                0x0000282c       0x22 /home/phatt/University/apps/lcd-1-prep/apps-workspace.mcu/lcd/mbed-os/lib/libmbed-os.a(mbed_ticker_api.o)
                0x0000282c                ticker_read_us
 .text.ticker_read
                0x0000284e        0x8 /home/phatt/University/apps/lcd-1-prep/apps-workspace.mcu/lcd/mbed-os/lib/libmbed-os.a(mbed_ticker_api.o)
                0x0000284e                ticker_read
 *fill*         0x00002856        0x2 
 .text._ZN10CThunkBase11cthunk_freeEPFvvE
                0x00002858       0x10 /home/phatt/University/apps/lcd-1-prep/apps-workspace.mcu/lcd/mbed-os/lib/libmbed-os.a(CThunkBase.o)
                0x00002858                CThunkBase::cthunk_free(void (*)())
 .text.mbed_assert_internal
                0x00002868       0x14 /home/phatt/University/apps/lcd-1-prep/apps-workspace.mcu/lcd/mbed-os/lib/libmbed-os.a(mbed_assert.o)
                0x00002868                mbed_assert_internal
 .text.core_util_are_interrupts_enabled
                0x0000287c        0xc /home/phatt/University/apps/lcd-1-prep/apps-workspace.mcu/lcd/mbed-os/lib/libmbed-os.a(mbed_critical.o)
                0x0000287c                core_util_are_interrupts_enabled
 .text.core_util_is_isr_active
                0x00002888        0xc /home/phatt/University/apps/lcd-1-prep/apps-workspace.mcu/lcd/mbed-os/lib/libmbed-os.a(mbed_critical.o)
                0x00002888                core_util_is_isr_active
 .text.core_util_critical_section_enter
                0x00002894       0x2c /home/phatt/University/apps/lcd-1-prep/apps-workspace.mcu/lcd/mbed-os/lib/libmbed-os.a(mbed_critical.o)
                0x00002894                core_util_critical_section_enter
 .text.core_util_critical_section_exit
                0x000028c0       0x18 /home/phatt/University/apps/lcd-1-prep/apps-workspace.mcu/lcd/mbed-os/lib/libmbed-os.a(mbed_critical.o)
                0x000028c0                core_util_critical_section_exit
 .text.mbed_halt_system
                0x000028d8       0x34 /home/phatt/University/apps/lcd-1-prep/apps-workspace.mcu/lcd/mbed-os/lib/libmbed-os.a(mbed_error.o)
 .text.print_error_report.constprop.0
                0x0000290c      0x104 /home/phatt/University/apps/lcd-1-prep/apps-workspace.mcu/lcd/mbed-os/lib/libmbed-os.a(mbed_error.o)
 .text.mbed_error_hook
                0x00002a10        0x2 /home/phatt/University/apps/lcd-1-prep/apps-workspace.mcu/lcd/mbed-os/lib/libmbed-os.a(mbed_error.o)
                0x00002a10                mbed_error_hook
 *fill*         0x00002a12        0x2 
 .text.handle_error.constprop.0
                0x00002a14       0xc0 /home/phatt/University/apps/lcd-1-prep/apps-workspace.mcu/lcd/mbed-os/lib/libmbed-os.a(mbed_error.o)
 .text.mbed_error_reboot_callback
                0x00002ad4        0x2 /home/phatt/University/apps/lcd-1-prep/apps-workspace.mcu/lcd/mbed-os/lib/libmbed-os.a(mbed_error.o)
                0x00002ad4                mbed_error_reboot_callback
 *fill*         0x00002ad6        0x2 
 .text.mbed_error_initialize
                0x00002ad8       0x64 /home/phatt/University/apps/lcd-1-prep/apps-workspace.mcu/lcd/mbed-os/lib/libmbed-os.a(mbed_error.o)
                0x00002ad8                mbed_error_initialize
 .text.mbed_error
                0x00002b3c       0xc4 /home/phatt/University/apps/lcd-1-prep/apps-workspace.mcu/lcd/mbed-os/lib/libmbed-os.a(mbed_error.o)
                0x00002b3c                mbed_error
 .text.mbed_main
                0x00002c00        0x2 /home/phatt/University/apps/lcd-1-prep/apps-workspace.mcu/lcd/mbed-os/lib/libmbed-os.a(mbed_sdk_boot.o)
                0x00002c00                mbed_main
 .text.mbed_sdk_init
                0x00002c02        0x2 /home/phatt/University/apps/lcd-1-prep/apps-workspace.mcu/lcd/mbed-os/lib/libmbed-os.a(mbed_sdk_boot.o)
                0x00002c02                mbed_sdk_init
 .text.software_init_hook_rtos
                0x00002c04        0x2 /home/phatt/University/apps/lcd-1-prep/apps-workspace.mcu/lcd/mbed-os/lib/libmbed-os.a(mbed_sdk_boot.o)
                0x00002c04                software_init_hook_rtos
 *fill*         0x00002c06        0x2 
 .text.mbed_copy_nvic
                0x00002c08       0x28 /home/phatt/University/apps/lcd-1-prep/apps-workspace.mcu/lcd/mbed-os/lib/libmbed-os.a(mbed_sdk_boot.o)
                0x00002c08                mbed_copy_nvic
 .text.mbed_init
                0x00002c30        0xc /home/phatt/University/apps/lcd-1-prep/apps-workspace.mcu/lcd/mbed-os/lib/libmbed-os.a(mbed_sdk_boot.o)
                0x00002c30                mbed_init
 .text.software_init_hook
                0x00002c3c       0x48 /home/phatt/University/apps/lcd-1-prep/apps-workspace.mcu/lcd/mbed-os/lib/libmbed-os.a(mbed_sdk_boot.o)
                0x00002c3c                software_init_hook
 .text.__wrap_main
                0x00002c84       0x12 /home/phatt/University/apps/lcd-1-prep/apps-workspace.mcu/lcd/mbed-os/lib/libmbed-os.a(mbed_sdk_boot.o)
                0x00002c84                __wrap_main
 *fill*         0x00002c96        0x2 
 .text._wait_us_ticks
                0x00002c98       0x1c /home/phatt/University/apps/lcd-1-prep/apps-workspace.mcu/lcd/mbed-os/lib/libmbed-os.a(mbed_wait_api_no_rtos.o)
                0x00002c98                _wait_us_ticks
 .text._wait_us_generic
                0x00002cb4       0x1e /home/phatt/University/apps/lcd-1-prep/apps-workspace.mcu/lcd/mbed-os/lib/libmbed-os.a(mbed_wait_api_no_rtos.o)
                0x00002cb4                _wait_us_generic
 *fill*         0x00002cd2        0x2 
 .text._wait_us_inline
                0x00002cd4       0x14 /home/phatt/University/apps/lcd-1-prep/apps-workspace.mcu/lcd/mbed-os/lib/libmbed-os.a(mbed_wait_api_no_rtos.o)
                0x00002cd4                _wait_us_inline
 .text._ZN4mbed10FileHandle4syncEv
                0x00002ce8        0x4 /home/phatt/University/apps/lcd-1-prep/apps-workspace.mcu/lcd/mbed-os/lib/libmbed-os.a(mbed_retarget.o)
                0x00002ce8                mbed::FileHandle::sync()
 .text._ZN4mbed10FileHandle4tellEv
                0x00002cec        0xa /home/phatt/University/apps/lcd-1-prep/apps-workspace.mcu/lcd/mbed-os/lib/libmbed-os.a(mbed_retarget.o)
                0x00002cec                mbed::FileHandle::tell()
 .text._ZN4mbed10FileHandle6rewindEv
                0x00002cf6        0xa /home/phatt/University/apps/lcd-1-prep/apps-workspace.mcu/lcd/mbed-os/lib/libmbed-os.a(mbed_retarget.o)
                0x00002cf6                mbed::FileHandle::rewind()
 .text._ZN4mbed10FileHandle8truncateEl
                0x00002d00        0x6 /home/phatt/University/apps/lcd-1-prep/apps-workspace.mcu/lcd/mbed-os/lib/libmbed-os.a(mbed_retarget.o)
                0x00002d00                mbed::FileHandle::truncate(long)
 .text._ZN4mbed10FileHandle12set_blockingEb
                0x00002d06        0xc /home/phatt/University/apps/lcd-1-prep/apps-workspace.mcu/lcd/mbed-os/lib/libmbed-os.a(mbed_retarget.o)
                0x00002d06                mbed::FileHandle::set_blocking(bool)
 .text._ZNK4mbed10FileHandle11is_blockingEv
                0x00002d12        0x4 /home/phatt/University/apps/lcd-1-prep/apps-workspace.mcu/lcd/mbed-os/lib/libmbed-os.a(mbed_retarget.o)
                0x00002d12                mbed::FileHandle::is_blocking() const
 .text._ZN4mbed10FileHandle12enable_inputEb
                0x00002d16        0x6 /home/phatt/University/apps/lcd-1-prep/apps-workspace.mcu/lcd/mbed-os/lib/libmbed-os.a(mbed_retarget.o)
                0x00002d16                mbed::FileHandle::enable_input(bool)
 .text._ZN4mbed10FileHandle13enable_outputEb
                0x00002d1c        0x6 /home/phatt/University/apps/lcd-1-prep/apps-workspace.mcu/lcd/mbed-os/lib/libmbed-os.a(mbed_retarget.o)
                0x00002d1c                mbed::FileHandle::enable_output(bool)
 .text._ZN4mbed10FileHandle5sigioENS_8CallbackIFvvEEE
                0x00002d22        0xc /home/phatt/University/apps/lcd-1-prep/apps-workspace.mcu/lcd/mbed-os/lib/libmbed-os.a(mbed_retarget.o)
                0x00002d22                mbed::FileHandle::sigio(mbed::Callback<void ()>)
 .text._ZN12DirectSerial4seekEli
                0x00002d2e        0x6 /home/phatt/University/apps/lcd-1-prep/apps-workspace.mcu/lcd/mbed-os/lib/libmbed-os.a(mbed_retarget.o)
                0x00002d2e                DirectSerial::seek(long, int)
 .text._ZN12DirectSerial4sizeEv
                0x00002d34        0x6 /home/phatt/University/apps/lcd-1-prep/apps-workspace.mcu/lcd/mbed-os/lib/libmbed-os.a(mbed_retarget.o)
                0x00002d34                DirectSerial::size()
 .text._ZN12DirectSerial6isattyEv
                0x00002d3a        0x4 /home/phatt/University/apps/lcd-1-prep/apps-workspace.mcu/lcd/mbed-os/lib/libmbed-os.a(mbed_retarget.o)
                0x00002d3a                DirectSerial::isatty()
 .text._ZN12DirectSerial5closeEv
                0x00002d3e        0x4 /home/phatt/University/apps/lcd-1-prep/apps-workspace.mcu/lcd/mbed-os/lib/libmbed-os.a(mbed_retarget.o)
                0x00002d3e                DirectSerial::close()
 .text._ZN12DirectSerialD2Ev
                0x00002d42        0x2 /home/phatt/University/apps/lcd-1-prep/apps-workspace.mcu/lcd/mbed-os/lib/libmbed-os.a(mbed_retarget.o)
                0x00002d42                DirectSerial::~DirectSerial()
                0x00002d42                DirectSerial::~DirectSerial()
 .text._ZN12DirectSerial5writeEPKvj
                0x00002d44       0x24 /home/phatt/University/apps/lcd-1-prep/apps-workspace.mcu/lcd/mbed-os/lib/libmbed-os.a(mbed_retarget.o)
                0x00002d44                DirectSerial::write(void const*, unsigned int)
 .text._ZNK12DirectSerial4pollEs
                0x00002d68       0x30 /home/phatt/University/apps/lcd-1-prep/apps-workspace.mcu/lcd/mbed-os/lib/libmbed-os.a(mbed_retarget.o)
                0x00002d68                DirectSerial::poll(short) const
 .text._ZN12DirectSerialD0Ev
                0x00002d98        0xc /home/phatt/University/apps/lcd-1-prep/apps-workspace.mcu/lcd/mbed-os/lib/libmbed-os.a(mbed_retarget.o)
                0x00002d98                DirectSerial::~DirectSerial()
 .text._ZN12DirectSerial4readEPvj
                0x00002da4       0x18 /home/phatt/University/apps/lcd-1-prep/apps-workspace.mcu/lcd/mbed-os/lib/libmbed-os.a(mbed_retarget.o)
                0x00002da4                DirectSerial::read(void*, unsigned int)
 .text._ZN12DirectSerialC2ERK15serial_pinmap_ti
                0x00002dbc       0x30 /home/phatt/University/apps/lcd-1-prep/apps-workspace.mcu/lcd/mbed-os/lib/libmbed-os.a(mbed_retarget.o)
                0x00002dbc                DirectSerial::DirectSerial(serial_pinmap_t const&, int)
                0x00002dbc                DirectSerial::DirectSerial(serial_pinmap_t const&, int)
 .text._ZN4mbed28mbed_target_override_consoleEi
                0x00002dec        0x4 /home/phatt/University/apps/lcd-1-prep/apps-workspace.mcu/lcd/mbed-os/lib/libmbed-os.a(mbed_retarget.o)
                0x00002dec                mbed::mbed_target_override_console(int)
 .text._ZN4mbed21mbed_override_consoleEi
                0x00002df0        0x4 /home/phatt/University/apps/lcd-1-prep/apps-workspace.mcu/lcd/mbed-os/lib/libmbed-os.a(mbed_retarget.o)
                0x00002df0                mbed::mbed_override_console(int)
 .text.__cxa_pure_virtual
                0x00002df4        0x8 /home/phatt/University/apps/lcd-1-prep/apps-workspace.mcu/lcd/mbed-os/lib/libmbed-os.a(mbed_retarget.o)
                0x00002df4                __cxa_pure_virtual
 .text._sbrk    0x00002dfc       0x44 /home/phatt/University/apps/lcd-1-prep/apps-workspace.mcu/lcd/mbed-os/lib/libmbed-os.a(mbed_retarget.o)
                0x00002dfc                _sbrk
 .text.__wrap_atexit
                0x00002e40        0x4 /home/phatt/University/apps/lcd-1-prep/apps-workspace.mcu/lcd/mbed-os/lib/libmbed-os.a(mbed_retarget.o)
                0x00002e40                __wrap_atexit
 .text.__rtos_malloc_lock
                0x00002e44        0x2 /home/phatt/University/apps/lcd-1-prep/apps-workspace.mcu/lcd/mbed-os/lib/libmbed-os.a(mbed_retarget.o)
                0x00002e44                __rtos_malloc_lock
 .text.__rtos_malloc_unlock
                0x00002e46        0x2 /home/phatt/University/apps/lcd-1-prep/apps-workspace.mcu/lcd/mbed-os/lib/libmbed-os.a(mbed_retarget.o)
                0x00002e46                __rtos_malloc_unlock
 .text.__malloc_lock
                0x00002e48        0x8 /home/phatt/University/apps/lcd-1-prep/apps-workspace.mcu/lcd/mbed-os/lib/libmbed-os.a(mbed_retarget.o)
                0x00002e48                __malloc_lock
 .text.__malloc_unlock
                0x00002e50        0x8 /home/phatt/University/apps/lcd-1-prep/apps-workspace.mcu/lcd/mbed-os/lib/libmbed-os.a(mbed_retarget.o)
                0x00002e50                __malloc_unlock
 .text.__cxa_guard_acquire
                0x00002e58       0x3c /home/phatt/University/apps/lcd-1-prep/apps-workspace.mcu/lcd/mbed-os/lib/libmbed-os.a(mbed_retarget.o)
                0x00002e58                __cxa_guard_acquire
 .text.__cxa_guard_release
                0x00002e94       0x2c /home/phatt/University/apps/lcd-1-prep/apps-workspace.mcu/lcd/mbed-os/lib/libmbed-os.a(mbed_retarget.o)
                0x00002e94                __cxa_guard_release
 .text._ZN4mbed16mbed_file_handleEi
                0x00002ec0       0x80 /home/phatt/University/apps/lcd-1-prep/apps-workspace.mcu/lcd/mbed-os/lib/libmbed-os.a(mbed_retarget.o)
                0x00002ec0                mbed::mbed_file_handle(int)
 .text.close    0x00002f40       0x3c /home/phatt/University/apps/lcd-1-prep/apps-workspace.mcu/lcd/mbed-os/lib/libmbed-os.a(mbed_retarget.o)
                0x00002f40                close
 .text._close   0x00002f7c        0x4 /home/phatt/University/apps/lcd-1-prep/apps-workspace.mcu/lcd/mbed-os/lib/libmbed-os.a(mbed_retarget.o)
                0x00002f7c                _close
 .text.write    0x00002f80       0x34 /home/phatt/University/apps/lcd-1-prep/apps-workspace.mcu/lcd/mbed-os/lib/libmbed-os.a(mbed_retarget.o)
                0x00002f80                write
 .text.read     0x00002fb4       0x34 /home/phatt/University/apps/lcd-1-prep/apps-workspace.mcu/lcd/mbed-os/lib/libmbed-os.a(mbed_retarget.o)
                0x00002fb4                read
 .text.isatty   0x00002fe8       0x2a /home/phatt/University/apps/lcd-1-prep/apps-workspace.mcu/lcd/mbed-os/lib/libmbed-os.a(mbed_retarget.o)
                0x00002fe8                isatty
 *fill*         0x00003012        0x2 
 .text._write   0x00003014       0xac /home/phatt/University/apps/lcd-1-prep/apps-workspace.mcu/lcd/mbed-os/lib/libmbed-os.a(mbed_retarget.o)
                0x00003014                _write
 .text._isatty  0x000030c0        0x4 /home/phatt/University/apps/lcd-1-prep/apps-workspace.mcu/lcd/mbed-os/lib/libmbed-os.a(mbed_retarget.o)
                0x000030c0                _isatty
 .text._read    0x000030c4       0x74 /home/phatt/University/apps/lcd-1-prep/apps-workspace.mcu/lcd/mbed-os/lib/libmbed-os.a(mbed_retarget.o)
                0x000030c4                _read
 .text.lseek    0x00003138       0x34 /home/phatt/University/apps/lcd-1-prep/apps-workspace.mcu/lcd/mbed-os/lib/libmbed-os.a(mbed_retarget.o)
                0x00003138                lseek
 .text._lseek   0x0000316c        0x4 /home/phatt/University/apps/lcd-1-prep/apps-workspace.mcu/lcd/mbed-os/lib/libmbed-os.a(mbed_retarget.o)
                0x0000316c                _lseek
 .text.fsync    0x00003170       0x2e /home/phatt/University/apps/lcd-1-prep/apps-workspace.mcu/lcd/mbed-os/lib/libmbed-os.a(mbed_retarget.o)
                0x00003170                fsync
 *fill*         0x0000319e        0x2 
 .text._exit    0x000031a0       0x30 /home/phatt/University/apps/lcd-1-prep/apps-workspace.mcu/lcd/mbed-os/lib/libmbed-os.a(mbed_retarget.o)
                0x000031a0                _exit
 .text.__wrap_exit
                0x000031d0        0x6 /home/phatt/University/apps/lcd-1-prep/apps-workspace.mcu/lcd/mbed-os/lib/libmbed-os.a(mbed_retarget.o)
                0x000031d0                __wrap_exit
 .text.fstat    0x000031d6       0x3c /home/phatt/University/apps/lcd-1-prep/apps-workspace.mcu/lcd/mbed-os/lib/libmbed-os.a(mbed_retarget.o)
                0x000031d6                fstat
 .text._fstat   0x00003212        0x4 /home/phatt/University/apps/lcd-1-prep/apps-workspace.mcu/lcd/mbed-os/lib/libmbed-os.a(mbed_retarget.o)
                0x00003212                _fstat
 .text._ZdlPvj  0x00003216        0x4 /home/phatt/University/apps/lcd-1-prep/apps-workspace.mcu/lcd/mbed-os/lib/libmbed-os.a(mbed_retarget.o)
                0x00003216                operator delete(void*, unsigned int)
 *fill*         0x0000321a        0x2 
 .text.SystemInit
                0x0000321c       0x2c /home/phatt/University/apps/lcd-1-prep/apps-workspace.mcu/lcd/mbed-os/lib/libmbed-os.a(system_MK64F12.o)
                0x0000321c                SystemInit
 .text.pit_isr  0x00003248       0x2c /home/phatt/University/apps/lcd-1-prep/apps-workspace.mcu/lcd/mbed-os/lib/libmbed-os.a(us_ticker.o)
 .text.us_ticker_get_info
                0x00003274        0x8 /home/phatt/University/apps/lcd-1-prep/apps-workspace.mcu/lcd/mbed-os/lib/libmbed-os.a(us_ticker.o)
                0x00003274                us_ticker_get_info
 .text.us_ticker_init
                0x0000327c       0xcc /home/phatt/University/apps/lcd-1-prep/apps-workspace.mcu/lcd/mbed-os/lib/libmbed-os.a(us_ticker.o)
                0x0000327c                us_ticker_init
 .text.us_ticker_read
                0x00003348       0x10 /home/phatt/University/apps/lcd-1-prep/apps-workspace.mcu/lcd/mbed-os/lib/libmbed-os.a(us_ticker.o)
                0x00003348                us_ticker_read
 .text.us_ticker_disable_interrupt
                0x00003358       0x14 /home/phatt/University/apps/lcd-1-prep/apps-workspace.mcu/lcd/mbed-os/lib/libmbed-os.a(us_ticker.o)
                0x00003358                us_ticker_disable_interrupt
 .text.us_ticker_clear_interrupt
                0x0000336c       0x10 /home/phatt/University/apps/lcd-1-prep/apps-workspace.mcu/lcd/mbed-os/lib/libmbed-os.a(us_ticker.o)
                0x0000336c                us_ticker_clear_interrupt
 .text.us_ticker_set_interrupt
                0x0000337c       0x60 /home/phatt/University/apps/lcd-1-prep/apps-workspace.mcu/lcd/mbed-os/lib/libmbed-os.a(us_ticker.o)
                0x0000337c                us_ticker_set_interrupt
 .text.us_ticker_fire_interrupt
                0x000033dc       0x10 /home/phatt/University/apps/lcd-1-prep/apps-workspace.mcu/lcd/mbed-os/lib/libmbed-os.a(us_ticker.o)
                0x000033dc                us_ticker_fire_interrupt
 .text.us_ticker_free
                0x000033ec       0x64 /home/phatt/University/apps/lcd-1-prep/apps-workspace.mcu/lcd/mbed-os/lib/libmbed-os.a(us_ticker.o)
                0x000033ec                us_ticker_free
 .text.spi_get_peripheral_name
                0x00003450       0x5c /home/phatt/University/apps/lcd-1-prep/apps-workspace.mcu/lcd/mbed-os/lib/libmbed-os.a(spi_api.o)
                0x00003450                spi_get_peripheral_name
 .text.spi_init_direct
                0x000034ac       0x78 /home/phatt/University/apps/lcd-1-prep/apps-workspace.mcu/lcd/mbed-os/lib/libmbed-os.a(spi_api.o)
                0x000034ac                spi_init_direct
 .text.spi_init
                0x00003524       0xbc /home/phatt/University/apps/lcd-1-prep/apps-workspace.mcu/lcd/mbed-os/lib/libmbed-os.a(spi_api.o)
                0x00003524                spi_init
 .text.spi_format
                0x000035e0       0x94 /home/phatt/University/apps/lcd-1-prep/apps-workspace.mcu/lcd/mbed-os/lib/libmbed-os.a(spi_api.o)
                0x000035e0                spi_format
 .text.spi_frequency
                0x00003674       0x4c /home/phatt/University/apps/lcd-1-prep/apps-workspace.mcu/lcd/mbed-os/lib/libmbed-os.a(spi_api.o)
                0x00003674                spi_frequency
 .text.spi_master_write
                0x000036c0       0x48 /home/phatt/University/apps/lcd-1-prep/apps-workspace.mcu/lcd/mbed-os/lib/libmbed-os.a(spi_api.o)
                0x000036c0                spi_master_write
 .text.spi_master_block_write
                0x00003708       0x58 /home/phatt/University/apps/lcd-1-prep/apps-workspace.mcu/lcd/mbed-os/lib/libmbed-os.a(spi_api.o)
                0x00003708                spi_master_block_write
 .text.serial_init_direct
                0x00003760       0xd4 /home/phatt/University/apps/lcd-1-prep/apps-workspace.mcu/lcd/mbed-os/lib/libmbed-os.a(serial_api.o)
                0x00003760                serial_init_direct
 .text.serial_baud
                0x00003834       0x2c /home/phatt/University/apps/lcd-1-prep/apps-workspace.mcu/lcd/mbed-os/lib/libmbed-os.a(serial_api.o)
                0x00003834                serial_baud
 .text.serial_readable
                0x00003860       0x2c /home/phatt/University/apps/lcd-1-prep/apps-workspace.mcu/lcd/mbed-os/lib/libmbed-os.a(serial_api.o)
                0x00003860                serial_readable
 .text.serial_getc
                0x0000388c       0x20 /home/phatt/University/apps/lcd-1-prep/apps-workspace.mcu/lcd/mbed-os/lib/libmbed-os.a(serial_api.o)
                0x0000388c                serial_getc
 .text.serial_writable
                0x000038ac       0x2c /home/phatt/University/apps/lcd-1-prep/apps-workspace.mcu/lcd/mbed-os/lib/libmbed-os.a(serial_api.o)
                0x000038ac                serial_writable
 .text.serial_putc
                0x000038d8       0x24 /home/phatt/University/apps/lcd-1-prep/apps-workspace.mcu/lcd/mbed-os/lib/libmbed-os.a(serial_api.o)
                0x000038d8                serial_putc
 .text.gpio_init
                0x000038fc       0x12 /home/phatt/University/apps/lcd-1-prep/apps-workspace.mcu/lcd/mbed-os/lib/libmbed-os.a(gpio_api.o)
                0x000038fc                gpio_init
 .text.gpio_mode
                0x0000390e        0x6 /home/phatt/University/apps/lcd-1-prep/apps-workspace.mcu/lcd/mbed-os/lib/libmbed-os.a(gpio_api.o)
                0x0000390e                gpio_mode
 .text.gpio_dir
                0x00003914       0x48 /home/phatt/University/apps/lcd-1-prep/apps-workspace.mcu/lcd/mbed-os/lib/libmbed-os.a(gpio_api.o)
                0x00003914                gpio_dir
 .text.gpio_write
                0x0000395c       0x3c /home/phatt/University/apps/lcd-1-prep/apps-workspace.mcu/lcd/mbed-os/lib/libmbed-os.a(gpio_api.o)
                0x0000395c                gpio_write
 .text.pin_function
                0x00003998       0x74 /home/phatt/University/apps/lcd-1-prep/apps-workspace.mcu/lcd/mbed-os/lib/libmbed-os.a(pinmap.o)
                0x00003998                pin_function
 .text.pin_mode
                0x00003a0c       0x5c /home/phatt/University/apps/lcd-1-prep/apps-workspace.mcu/lcd/mbed-os/lib/libmbed-os.a(pinmap.o)
                0x00003a0c                pin_mode
 .text.mbed_tiny_compute_crc32
                0x00003a68       0x2c /home/phatt/University/apps/lcd-1-prep/apps-workspace.mcu/lcd/mbed-os/lib/libmbed-os.a(MbedCRC.o)
                0x00003a68                mbed_tiny_compute_crc32
 .text.hal_critical_section_enter
                0x00003a94       0x24 /home/phatt/University/apps/lcd-1-prep/apps-workspace.mcu/lcd/mbed-os/lib/libmbed-os.a(mbed_critical_section_api.o)
                0x00003a94                hal_critical_section_enter
 .text.hal_critical_section_exit
                0x00003ab8       0x38 /home/phatt/University/apps/lcd-1-prep/apps-workspace.mcu/lcd/mbed-os/lib/libmbed-os.a(mbed_critical_section_api.o)
                0x00003ab8                hal_critical_section_exit
 .text.pinmap_merge
                0x00003af0       0x30 /home/phatt/University/apps/lcd-1-prep/apps-workspace.mcu/lcd/mbed-os/lib/libmbed-os.a(mbed_pinmap_common.o)
                0x00003af0                pinmap_merge
 .text.pinmap_find_peripheral
                0x00003b20       0x16 /home/phatt/University/apps/lcd-1-prep/apps-workspace.mcu/lcd/mbed-os/lib/libmbed-os.a(mbed_pinmap_common.o)
                0x00003b20                pinmap_find_peripheral
 *fill*         0x00003b36        0x2 
 .text.pinmap_peripheral
                0x00003b38       0x2c /home/phatt/University/apps/lcd-1-prep/apps-workspace.mcu/lcd/mbed-os/lib/libmbed-os.a(mbed_pinmap_common.o)
                0x00003b38                pinmap_peripheral
 .text.pinmap_find_function
                0x00003b64       0x16 /home/phatt/University/apps/lcd-1-prep/apps-workspace.mcu/lcd/mbed-os/lib/libmbed-os.a(mbed_pinmap_common.o)
                0x00003b64                pinmap_find_function
 .text.core_util_atomic_flag_test_and_set
                0x00003b7a       0x14 /home/phatt/University/apps/lcd-1-prep/apps-workspace.mcu/lcd/mbed-os/lib/libmbed-os.a(mbed_atomic_impl.o)
                0x00003b7a                core_util_atomic_flag_test_and_set
 .text.core_util_atomic_exchange_u8
                0x00003b8e       0x12 /home/phatt/University/apps/lcd-1-prep/apps-workspace.mcu/lcd/mbed-os/lib/libmbed-os.a(mbed_atomic_impl.o)
                0x00003b8e                core_util_atomic_exchange_u8
 .text.mbed_die
                0x00003ba0       0x64 /home/phatt/University/apps/lcd-1-prep/apps-workspace.mcu/lcd/mbed-os/lib/libmbed-os.a(mbed_board.o)
                0x00003ba0                mbed_die
 .text.mbed_error_puts
                0x00003c04       0x50 /home/phatt/University/apps/lcd-1-prep/apps-workspace.mcu/lcd/mbed-os/lib/libmbed-os.a(mbed_board.o)
                0x00003c04                mbed_error_puts
 .text.mbed_error_vprintf
                0x00003c54       0x38 /home/phatt/University/apps/lcd-1-prep/apps-workspace.mcu/lcd/mbed-os/lib/libmbed-os.a(mbed_board.o)
                0x00003c54                mbed_error_vprintf
 .text.mbed_error_printf
                0x00003c8c       0x1a /home/phatt/University/apps/lcd-1-prep/apps-workspace.mcu/lcd/mbed-os/lib/libmbed-os.a(mbed_board.o)
                0x00003c8c                mbed_error_printf
 .text.__wrap_vsnprintf
                0x00003ca6        0xe /home/phatt/University/apps/lcd-1-prep/apps-workspace.mcu/lcd/mbed-os/lib/libmbed-os.a(mbed_printf_wrapper.o)
                0x00003ca6                __wrap_vsnprintf
 .text.CLOCK_GetInternalRefClkSelectFreq
                0x00003cb4       0x28 /home/phatt/University/apps/lcd-1-prep/apps-workspace.mcu/lcd/mbed-os/lib/libmbed-os.a(fsl_clock.o)
 .text.CLOCK_GetMcgExtClkFreq
                0x00003cdc       0x60 /home/phatt/University/apps/lcd-1-prep/apps-workspace.mcu/lcd/mbed-os/lib/libmbed-os.a(fsl_clock.o)
 .text.CLOCK_GetFllRefClkFreq
                0x00003d3c       0x54 /home/phatt/University/apps/lcd-1-prep/apps-workspace.mcu/lcd/mbed-os/lib/libmbed-os.a(fsl_clock.o)
 .text.CLOCK_GetOsc0ErClkFreq
                0x00003d90       0x3c /home/phatt/University/apps/lcd-1-prep/apps-workspace.mcu/lcd/mbed-os/lib/libmbed-os.a(fsl_clock.o)
                0x00003d90                CLOCK_GetOsc0ErClkFreq
 .text.CLOCK_GetEr32kClkFreq
                0x00003dcc       0x5c /home/phatt/University/apps/lcd-1-prep/apps-workspace.mcu/lcd/mbed-os/lib/libmbed-os.a(fsl_clock.o)
                0x00003dcc                CLOCK_GetEr32kClkFreq
 .text.CLOCK_GetFllFreq
                0x00003e28       0x3c /home/phatt/University/apps/lcd-1-prep/apps-workspace.mcu/lcd/mbed-os/lib/libmbed-os.a(fsl_clock.o)
                0x00003e28                CLOCK_GetFllFreq
 .text.CLOCK_GetInternalRefClkFreq
                0x00003e64       0x14 /home/phatt/University/apps/lcd-1-prep/apps-workspace.mcu/lcd/mbed-os/lib/libmbed-os.a(fsl_clock.o)
                0x00003e64                CLOCK_GetInternalRefClkFreq
 .text.CLOCK_GetPll0Freq
                0x00003e78       0x48 /home/phatt/University/apps/lcd-1-prep/apps-workspace.mcu/lcd/mbed-os/lib/libmbed-os.a(fsl_clock.o)
                0x00003e78                CLOCK_GetPll0Freq
 .text.CLOCK_GetPllFllSelClkFreq
                0x00003ec0       0x2c /home/phatt/University/apps/lcd-1-prep/apps-workspace.mcu/lcd/mbed-os/lib/libmbed-os.a(fsl_clock.o)
                0x00003ec0                CLOCK_GetPllFllSelClkFreq
 .text.CLOCK_GetOutClkFreq
                0x00003eec       0x28 /home/phatt/University/apps/lcd-1-prep/apps-workspace.mcu/lcd/mbed-os/lib/libmbed-os.a(fsl_clock.o)
                0x00003eec                CLOCK_GetOutClkFreq
 .text.CLOCK_GetFixedFreqClkFreq
                0x00003f14       0x1c /home/phatt/University/apps/lcd-1-prep/apps-workspace.mcu/lcd/mbed-os/lib/libmbed-os.a(fsl_clock.o)
                0x00003f14                CLOCK_GetFixedFreqClkFreq
 .text.CLOCK_GetFreq
                0x00003f30       0xa8 /home/phatt/University/apps/lcd-1-prep/apps-workspace.mcu/lcd/mbed-os/lib/libmbed-os.a(fsl_clock.o)
                0x00003f30                CLOCK_GetFreq
 .text.EDMA_HandleIRQ
                0x00003fd8       0xb0 /home/phatt/University/apps/lcd-1-prep/apps-workspace.mcu/lcd/mbed-os/lib/libmbed-os.a(fsl_edma.o)
                0x00003fd8                EDMA_HandleIRQ
 .text.DMA0_DriverIRQHandler
                0x00004088        0xc /home/phatt/University/apps/lcd-1-prep/apps-workspace.mcu/lcd/mbed-os/lib/libmbed-os.a(fsl_edma.o)
                0x00004088                DMA0_DriverIRQHandler
 .text.DMA1_DriverIRQHandler
                0x00004094        0xc /home/phatt/University/apps/lcd-1-prep/apps-workspace.mcu/lcd/mbed-os/lib/libmbed-os.a(fsl_edma.o)
                0x00004094                DMA1_DriverIRQHandler
 .text.DMA2_DriverIRQHandler
                0x000040a0        0xc /home/phatt/University/apps/lcd-1-prep/apps-workspace.mcu/lcd/mbed-os/lib/libmbed-os.a(fsl_edma.o)
                0x000040a0                DMA2_DriverIRQHandler
 .text.DMA3_DriverIRQHandler
                0x000040ac        0xc /home/phatt/University/apps/lcd-1-prep/apps-workspace.mcu/lcd/mbed-os/lib/libmbed-os.a(fsl_edma.o)
                0x000040ac                DMA3_DriverIRQHandler
 .text.DMA4_DriverIRQHandler
                0x000040b8        0xc /home/phatt/University/apps/lcd-1-prep/apps-workspace.mcu/lcd/mbed-os/lib/libmbed-os.a(fsl_edma.o)
                0x000040b8                DMA4_DriverIRQHandler
 .text.DMA5_DriverIRQHandler
                0x000040c4        0xc /home/phatt/University/apps/lcd-1-prep/apps-workspace.mcu/lcd/mbed-os/lib/libmbed-os.a(fsl_edma.o)
                0x000040c4                DMA5_DriverIRQHandler
 .text.DMA6_DriverIRQHandler
                0x000040d0        0xc /home/phatt/University/apps/lcd-1-prep/apps-workspace.mcu/lcd/mbed-os/lib/libmbed-os.a(fsl_edma.o)
                0x000040d0                DMA6_DriverIRQHandler
 .text.DMA7_DriverIRQHandler
                0x000040dc        0xc /home/phatt/University/apps/lcd-1-prep/apps-workspace.mcu/lcd/mbed-os/lib/libmbed-os.a(fsl_edma.o)
                0x000040dc                DMA7_DriverIRQHandler
 .text.DMA8_DriverIRQHandler
                0x000040e8        0xc /home/phatt/University/apps/lcd-1-prep/apps-workspace.mcu/lcd/mbed-os/lib/libmbed-os.a(fsl_edma.o)
                0x000040e8                DMA8_DriverIRQHandler
 .text.DMA9_DriverIRQHandler
                0x000040f4        0xc /home/phatt/University/apps/lcd-1-prep/apps-workspace.mcu/lcd/mbed-os/lib/libmbed-os.a(fsl_edma.o)
                0x000040f4                DMA9_DriverIRQHandler
 .text.DMA10_DriverIRQHandler
                0x00004100        0xc /home/phatt/University/apps/lcd-1-prep/apps-workspace.mcu/lcd/mbed-os/lib/libmbed-os.a(fsl_edma.o)
                0x00004100                DMA10_DriverIRQHandler
 .text.DMA11_DriverIRQHandler
                0x0000410c        0xc /home/phatt/University/apps/lcd-1-prep/apps-workspace.mcu/lcd/mbed-os/lib/libmbed-os.a(fsl_edma.o)
                0x0000410c                DMA11_DriverIRQHandler
 .text.DMA12_DriverIRQHandler
                0x00004118        0xc /home/phatt/University/apps/lcd-1-prep/apps-workspace.mcu/lcd/mbed-os/lib/libmbed-os.a(fsl_edma.o)
                0x00004118                DMA12_DriverIRQHandler
 .text.DMA13_DriverIRQHandler
                0x00004124        0xc /home/phatt/University/apps/lcd-1-prep/apps-workspace.mcu/lcd/mbed-os/lib/libmbed-os.a(fsl_edma.o)
                0x00004124                DMA13_DriverIRQHandler
 .text.DMA14_DriverIRQHandler
                0x00004130        0xc /home/phatt/University/apps/lcd-1-prep/apps-workspace.mcu/lcd/mbed-os/lib/libmbed-os.a(fsl_edma.o)
                0x00004130                DMA14_DriverIRQHandler
 .text.DMA15_DriverIRQHandler
                0x0000413c        0xc /home/phatt/University/apps/lcd-1-prep/apps-workspace.mcu/lcd/mbed-os/lib/libmbed-os.a(fsl_edma.o)
                0x0000413c                DMA15_DriverIRQHandler
 .text.DSPI_CommonIRQHandler
                0x00004148       0x20 /home/phatt/University/apps/lcd-1-prep/apps-workspace.mcu/lcd/mbed-os/lib/libmbed-os.a(fsl_dspi.o)
 .text.DSPI_MasterGetFormattedCommand.constprop.0
                0x00004168       0x20 /home/phatt/University/apps/lcd-1-prep/apps-workspace.mcu/lcd/mbed-os/lib/libmbed-os.a(fsl_dspi.o)
 .text.DSPI_GetInstance
                0x00004188       0x40 /home/phatt/University/apps/lcd-1-prep/apps-workspace.mcu/lcd/mbed-os/lib/libmbed-os.a(fsl_dspi.o)
                0x00004188                DSPI_GetInstance
 .text.DSPI_GetDummyDataInstance
                0x000041c8       0x10 /home/phatt/University/apps/lcd-1-prep/apps-workspace.mcu/lcd/mbed-os/lib/libmbed-os.a(fsl_dspi.o)
                0x000041c8                DSPI_GetDummyDataInstance
 .text.DSPI_SetDummyData
                0x000041d8       0x14 /home/phatt/University/apps/lcd-1-prep/apps-workspace.mcu/lcd/mbed-os/lib/libmbed-os.a(fsl_dspi.o)
                0x000041d8                DSPI_SetDummyData
 .text.DSPI_MasterGetDefaultConfig
                0x000041ec       0x48 /home/phatt/University/apps/lcd-1-prep/apps-workspace.mcu/lcd/mbed-os/lib/libmbed-os.a(fsl_dspi.o)
                0x000041ec                DSPI_MasterGetDefaultConfig
 .text.DSPI_SlaveInit
                0x00004234       0xcc /home/phatt/University/apps/lcd-1-prep/apps-workspace.mcu/lcd/mbed-os/lib/libmbed-os.a(fsl_dspi.o)
                0x00004234                DSPI_SlaveInit
 .text.DSPI_SlaveGetDefaultConfig
                0x00004300       0x30 /home/phatt/University/apps/lcd-1-prep/apps-workspace.mcu/lcd/mbed-os/lib/libmbed-os.a(fsl_dspi.o)
                0x00004300                DSPI_SlaveGetDefaultConfig
 .text.DSPI_MasterSetBaudRate
                0x00004330       0xd8 /home/phatt/University/apps/lcd-1-prep/apps-workspace.mcu/lcd/mbed-os/lib/libmbed-os.a(fsl_dspi.o)
                0x00004330                DSPI_MasterSetBaudRate
 .text.DSPI_MasterSetDelayScaler
                0x00004408       0x8c /home/phatt/University/apps/lcd-1-prep/apps-workspace.mcu/lcd/mbed-os/lib/libmbed-os.a(fsl_dspi.o)
                0x00004408                DSPI_MasterSetDelayScaler
 .text.DSPI_MasterSetDelayTimes
                0x00004494       0xbc /home/phatt/University/apps/lcd-1-prep/apps-workspace.mcu/lcd/mbed-os/lib/libmbed-os.a(fsl_dspi.o)
                0x00004494                DSPI_MasterSetDelayTimes
 .text.DSPI_MasterInit
                0x00004550      0x138 /home/phatt/University/apps/lcd-1-prep/apps-workspace.mcu/lcd/mbed-os/lib/libmbed-os.a(fsl_dspi.o)
                0x00004550                DSPI_MasterInit
 .text.DSPI_GetDefaultDataCommandConfig
                0x00004688       0x2c /home/phatt/University/apps/lcd-1-prep/apps-workspace.mcu/lcd/mbed-os/lib/libmbed-os.a(fsl_dspi.o)
                0x00004688                DSPI_GetDefaultDataCommandConfig
 .text.DSPI_MasterWriteDataBlocking
                0x000046b4       0x68 /home/phatt/University/apps/lcd-1-prep/apps-workspace.mcu/lcd/mbed-os/lib/libmbed-os.a(fsl_dspi.o)
                0x000046b4                DSPI_MasterWriteDataBlocking
 .text.DSPI_MasterTransferBlocking
                0x0000471c      0x25c /home/phatt/University/apps/lcd-1-prep/apps-workspace.mcu/lcd/mbed-os/lib/libmbed-os.a(fsl_dspi.o)
                0x0000471c                DSPI_MasterTransferBlocking
 .text.SPI0_DriverIRQHandler
                0x00004978       0x34 /home/phatt/University/apps/lcd-1-prep/apps-workspace.mcu/lcd/mbed-os/lib/libmbed-os.a(fsl_dspi.o)
                0x00004978                SPI0_DriverIRQHandler
 .text.SPI1_DriverIRQHandler
                0x000049ac       0x34 /home/phatt/University/apps/lcd-1-prep/apps-workspace.mcu/lcd/mbed-os/lib/libmbed-os.a(fsl_dspi.o)
                0x000049ac                SPI1_DriverIRQHandler
 .text.SPI2_DriverIRQHandler
                0x000049e0       0x34 /home/phatt/University/apps/lcd-1-prep/apps-workspace.mcu/lcd/mbed-os/lib/libmbed-os.a(fsl_dspi.o)
                0x000049e0                SPI2_DriverIRQHandler
 .text.PIT_GetInstance.isra.0
                0x00004a14       0x28 /home/phatt/University/apps/lcd-1-prep/apps-workspace.mcu/lcd/mbed-os/lib/libmbed-os.a(fsl_pit.o)
 .text.PIT_Init
                0x00004a3c       0x50 /home/phatt/University/apps/lcd-1-prep/apps-workspace.mcu/lcd/mbed-os/lib/libmbed-os.a(fsl_pit.o)
                0x00004a3c                PIT_Init
 .text.I2C_TransferCommonIRQHandler
                0x00004a8c       0x34 /home/phatt/University/apps/lcd-1-prep/apps-workspace.mcu/lcd/mbed-os/lib/libmbed-os.a(fsl_i2c.o)
 .text.I2C0_DriverIRQHandler
                0x00004ac0       0x14 /home/phatt/University/apps/lcd-1-prep/apps-workspace.mcu/lcd/mbed-os/lib/libmbed-os.a(fsl_i2c.o)
                0x00004ac0                I2C0_DriverIRQHandler
 .text.I2C1_DriverIRQHandler
                0x00004ad4       0x14 /home/phatt/University/apps/lcd-1-prep/apps-workspace.mcu/lcd/mbed-os/lib/libmbed-os.a(fsl_i2c.o)
                0x00004ad4                I2C1_DriverIRQHandler
 .text.I2C2_DriverIRQHandler
                0x00004ae8       0x14 /home/phatt/University/apps/lcd-1-prep/apps-workspace.mcu/lcd/mbed-os/lib/libmbed-os.a(fsl_i2c.o)
                0x00004ae8                I2C2_DriverIRQHandler
 .text.UART_GetInstance
                0x00004afc       0x64 /home/phatt/University/apps/lcd-1-prep/apps-workspace.mcu/lcd/mbed-os/lib/libmbed-os.a(fsl_uart.o)
                0x00004afc                UART_GetInstance
 .text.UART_Init
                0x00004b60      0x178 /home/phatt/University/apps/lcd-1-prep/apps-workspace.mcu/lcd/mbed-os/lib/libmbed-os.a(fsl_uart.o)
                0x00004b60                UART_Init
 .text.UART_GetDefaultConfig
                0x00004cd8       0x30 /home/phatt/University/apps/lcd-1-prep/apps-workspace.mcu/lcd/mbed-os/lib/libmbed-os.a(fsl_uart.o)
                0x00004cd8                UART_GetDefaultConfig
 .text.UART_SetBaudRate
                0x00004d08       0x8c /home/phatt/University/apps/lcd-1-prep/apps-workspace.mcu/lcd/mbed-os/lib/libmbed-os.a(fsl_uart.o)
                0x00004d08                UART_SetBaudRate
 .text.UART_GetStatusFlags
                0x00004d94       0x16 /home/phatt/University/apps/lcd-1-prep/apps-workspace.mcu/lcd/mbed-os/lib/libmbed-os.a(fsl_uart.o)
                0x00004d94                UART_GetStatusFlags
 .text.UART_ClearStatusFlags
                0x00004daa       0x40 /home/phatt/University/apps/lcd-1-prep/apps-workspace.mcu/lcd/mbed-os/lib/libmbed-os.a(fsl_uart.o)
                0x00004daa                UART_ClearStatusFlags
 *fill*         0x00004dea        0x2 
 .text.UART0_DriverIRQHandler
                0x00004dec       0x18 /home/phatt/University/apps/lcd-1-prep/apps-workspace.mcu/lcd/mbed-os/lib/libmbed-os.a(fsl_uart.o)
                0x00004dec                UART0_DriverIRQHandler
 .text.UART0_RX_TX_DriverIRQHandler
                0x00004e04        0x4 /home/phatt/University/apps/lcd-1-prep/apps-workspace.mcu/lcd/mbed-os/lib/libmbed-os.a(fsl_uart.o)
                0x00004e04                UART0_RX_TX_DriverIRQHandler
 .text.UART1_DriverIRQHandler
                0x00004e08       0x18 /home/phatt/University/apps/lcd-1-prep/apps-workspace.mcu/lcd/mbed-os/lib/libmbed-os.a(fsl_uart.o)
                0x00004e08                UART1_DriverIRQHandler
 .text.UART1_RX_TX_DriverIRQHandler
                0x00004e20        0x4 /home/phatt/University/apps/lcd-1-prep/apps-workspace.mcu/lcd/mbed-os/lib/libmbed-os.a(fsl_uart.o)
                0x00004e20                UART1_RX_TX_DriverIRQHandler
 .text.UART2_DriverIRQHandler
                0x00004e24       0x18 /home/phatt/University/apps/lcd-1-prep/apps-workspace.mcu/lcd/mbed-os/lib/libmbed-os.a(fsl_uart.o)
                0x00004e24                UART2_DriverIRQHandler
 .text.UART2_RX_TX_DriverIRQHandler
                0x00004e3c        0x4 /home/phatt/University/apps/lcd-1-prep/apps-workspace.mcu/lcd/mbed-os/lib/libmbed-os.a(fsl_uart.o)
                0x00004e3c                UART2_RX_TX_DriverIRQHandler
 .text.UART3_DriverIRQHandler
                0x00004e40       0x18 /home/phatt/University/apps/lcd-1-prep/apps-workspace.mcu/lcd/mbed-os/lib/libmbed-os.a(fsl_uart.o)
                0x00004e40                UART3_DriverIRQHandler
 .text.UART3_RX_TX_DriverIRQHandler
                0x00004e58        0x4 /home/phatt/University/apps/lcd-1-prep/apps-workspace.mcu/lcd/mbed-os/lib/libmbed-os.a(fsl_uart.o)
                0x00004e58                UART3_RX_TX_DriverIRQHandler
 .text.UART4_DriverIRQHandler
                0x00004e5c       0x18 /home/phatt/University/apps/lcd-1-prep/apps-workspace.mcu/lcd/mbed-os/lib/libmbed-os.a(fsl_uart.o)
                0x00004e5c                UART4_DriverIRQHandler
 .text.UART4_RX_TX_DriverIRQHandler
                0x00004e74        0x4 /home/phatt/University/apps/lcd-1-prep/apps-workspace.mcu/lcd/mbed-os/lib/libmbed-os.a(fsl_uart.o)
                0x00004e74                UART4_RX_TX_DriverIRQHandler
 .text.UART5_DriverIRQHandler
                0x00004e78       0x18 /home/phatt/University/apps/lcd-1-prep/apps-workspace.mcu/lcd/mbed-os/lib/libmbed-os.a(fsl_uart.o)
                0x00004e78                UART5_DriverIRQHandler
 .text.UART5_RX_TX_DriverIRQHandler
                0x00004e90        0x4 /home/phatt/University/apps/lcd-1-prep/apps-workspace.mcu/lcd/mbed-os/lib/libmbed-os.a(fsl_uart.o)
                0x00004e90                UART5_RX_TX_DriverIRQHandler
 .text.mbed_minimal_putchar
                0x00004e94       0x34 /home/phatt/University/apps/lcd-1-prep/apps-workspace.mcu/lcd/mbed-os/lib/libmbed-os.a(mbed_printf_implementation.o)
 .text.mbed_minimal_formatted_string_integer
                0x00004ec8      0x144 /home/phatt/University/apps/lcd-1-prep/apps-workspace.mcu/lcd/mbed-os/lib/libmbed-os.a(mbed_printf_implementation.o)
 .text.mbed_minimal_formatted_string
                0x0000500c      0x3bc /home/phatt/University/apps/lcd-1-prep/apps-workspace.mcu/lcd/mbed-os/lib/libmbed-os.a(mbed_printf_implementation.o)
                0x0000500c                mbed_minimal_formatted_string
 .text.__udivmoddi4
                0x000053c8      0x2bc /usr/local/mcuxpressoide-11.9.0_2144/ide/plugins/com.nxp.mcuxpresso.tools.linux_11.9.0.202307121226/tools/bin/../lib/gcc/arm-none-eabi/12.3.1/thumb/v7e-m+fp/softfp/libgcc.a(_udivmoddi4.o)
                0x000053c8                __udivmoddi4
 .text.fputc    0x00005684       0x58 /usr/local/mcuxpressoide-11.9.0_2144/ide/plugins/com.nxp.mcuxpresso.tools.linux_11.9.0.202307121226/tools/bin/../lib/gcc/arm-none-eabi/12.3.1/../../../../arm-none-eabi/lib/thumb/v7e-m+fp/softfp/libc.a(libc_a-fputc.o)
                0x00005684                fputc
 .text.__sread  0x000056dc       0x24 /usr/local/mcuxpressoide-11.9.0_2144/ide/plugins/com.nxp.mcuxpresso.tools.linux_11.9.0.202307121226/tools/bin/../lib/gcc/arm-none-eabi/12.3.1/../../../../arm-none-eabi/lib/thumb/v7e-m+fp/softfp/libc.a(libc_a-stdio.o)
                0x000056dc                __sread
 .text.__swrite
                0x00005700       0x40 /usr/local/mcuxpressoide-11.9.0_2144/ide/plugins/com.nxp.mcuxpresso.tools.linux_11.9.0.202307121226/tools/bin/../lib/gcc/arm-none-eabi/12.3.1/../../../../arm-none-eabi/lib/thumb/v7e-m+fp/softfp/libc.a(libc_a-stdio.o)
                0x00005700                __swrite
 .text.__sseek  0x00005740       0x24 /usr/local/mcuxpressoide-11.9.0_2144/ide/plugins/com.nxp.mcuxpresso.tools.linux_11.9.0.202307121226/tools/bin/../lib/gcc/arm-none-eabi/12.3.1/../../../../arm-none-eabi/lib/thumb/v7e-m+fp/softfp/libc.a(libc_a-stdio.o)
                0x00005740                __sseek
 .text.__sclose
                0x00005764        0x8 /usr/local/mcuxpressoide-11.9.0_2144/ide/plugins/com.nxp.mcuxpresso.tools.linux_11.9.0.202307121226/tools/bin/../lib/gcc/arm-none-eabi/12.3.1/../../../../arm-none-eabi/lib/thumb/v7e-m+fp/softfp/libc.a(libc_a-stdio.o)
                0x00005764                __sclose
 .text._write_r
                0x0000576c       0x2c /usr/local/mcuxpressoide-11.9.0_2144/ide/plugins/com.nxp.mcuxpresso.tools.linux_11.9.0.202307121226/tools/bin/../lib/gcc/arm-none-eabi/12.3.1/../../../../arm-none-eabi/lib/thumb/v7e-m+fp/softfp/libc.a(libc_a-writer.o)
                0x0000576c                _write_r
 .text.__errno  0x00005798        0xc /usr/local/mcuxpressoide-11.9.0_2144/ide/plugins/com.nxp.mcuxpresso.tools.linux_11.9.0.202307121226/tools/bin/../lib/gcc/arm-none-eabi/12.3.1/../../../../arm-none-eabi/lib/thumb/v7e-m+fp/softfp/libc.a(libc_a-errno.o)
                0x00005798                __errno
 .text.free     0x000057a4       0x10 /usr/local/mcuxpressoide-11.9.0_2144/ide/plugins/com.nxp.mcuxpresso.tools.linux_11.9.0.202307121226/tools/bin/../lib/gcc/arm-none-eabi/12.3.1/../../../../arm-none-eabi/lib/thumb/v7e-m+fp/softfp/libc.a(libc_a-malloc.o)
                0x000057a4                free
 .text._malloc_r
                0x000057b4      0x574 /usr/local/mcuxpressoide-11.9.0_2144/ide/plugins/com.nxp.mcuxpresso.tools.linux_11.9.0.202307121226/tools/bin/../lib/gcc/arm-none-eabi/12.3.1/../../../../arm-none-eabi/lib/thumb/v7e-m+fp/softfp/libc.a(libc_a-mallocr.o)
                0x000057b4                _malloc_r
 .text.__assert_func
                0x00005d28       0x40 /usr/local/mcuxpressoide-11.9.0_2144/ide/plugins/com.nxp.mcuxpresso.tools.linux_11.9.0.202307121226/tools/bin/../lib/gcc/arm-none-eabi/12.3.1/../../../../arm-none-eabi/lib/thumb/v7e-m+fp/softfp/libc.a(libc_a-assert.o)
                0x00005d28                __assert_func
 .text.memset   0x00005d68       0xa4 /usr/local/mcuxpressoide-11.9.0_2144/ide/plugins/com.nxp.mcuxpresso.tools.linux_11.9.0.202307121226/tools/bin/../lib/gcc/arm-none-eabi/12.3.1/../../../../arm-none-eabi/lib/thumb/v7e-m+fp/softfp/libc.a(libc_a-memset.o)
                0x00005d68                memset
 .text.__libc_init_array
                0x00005e0c       0x50 /usr/local/mcuxpressoide-11.9.0_2144/ide/plugins/com.nxp.mcuxpresso.tools.linux_11.9.0.202307121226/tools/bin/../lib/gcc/arm-none-eabi/12.3.1/../../../../arm-none-eabi/lib/thumb/v7e-m+fp/softfp/libc.a(libc_a-init.o)
                0x00005e0c                __libc_init_array
 .text.__retarget_lock_init_recursive
                0x00005e5c        0x4 /usr/local/mcuxpressoide-11.9.0_2144/ide/plugins/com.nxp.mcuxpresso.tools.linux_11.9.0.202307121226/tools/bin/../lib/gcc/arm-none-eabi/12.3.1/../../../../arm-none-eabi/lib/thumb/v7e-m+fp/softfp/libc.a(libc_a-lock.o)
                0x00005e5c                __retarget_lock_init_recursive
 .text.__retarget_lock_close_recursive
                0x00005e60        0x4 /usr/local/mcuxpressoide-11.9.0_2144/ide/plugins/com.nxp.mcuxpresso.tools.linux_11.9.0.202307121226/tools/bin/../lib/gcc/arm-none-eabi/12.3.1/../../../../arm-none-eabi/lib/thumb/v7e-m+fp/softfp/libc.a(libc_a-lock.o)
                0x00005e60                __retarget_lock_close_recursive
 .text.__retarget_lock_acquire_recursive
                0x00005e64        0x4 /usr/local/mcuxpressoide-11.9.0_2144/ide/plugins/com.nxp.mcuxpresso.tools.linux_11.9.0.202307121226/tools/bin/../lib/gcc/arm-none-eabi/12.3.1/../../../../arm-none-eabi/lib/thumb/v7e-m+fp/softfp/libc.a(libc_a-lock.o)
                0x00005e64                __retarget_lock_acquire_recursive
 .text.__retarget_lock_release_recursive
                0x00005e68        0x4 /usr/local/mcuxpressoide-11.9.0_2144/ide/plugins/com.nxp.mcuxpresso.tools.linux_11.9.0.202307121226/tools/bin/../lib/gcc/arm-none-eabi/12.3.1/../../../../arm-none-eabi/lib/thumb/v7e-m+fp/softfp/libc.a(libc_a-lock.o)
                0x00005e68                __retarget_lock_release_recursive
 .text.sysconf  0x00005e6c       0x1c /usr/local/mcuxpressoide-11.9.0_2144/ide/plugins/com.nxp.mcuxpresso.tools.linux_11.9.0.202307121226/tools/bin/../lib/gcc/arm-none-eabi/12.3.1/../../../../arm-none-eabi/lib/thumb/v7e-m+fp/softfp/libc.a(libc_a-sysconf.o)
                0x00005e6c                sysconf
 .text._putc_r  0x00005e88       0x78 /usr/local/mcuxpressoide-11.9.0_2144/ide/plugins/com.nxp.mcuxpresso.tools.linux_11.9.0.202307121226/tools/bin/../lib/gcc/arm-none-eabi/12.3.1/../../../../arm-none-eabi/lib/thumb/v7e-m+fp/softfp/libc.a(libc_a-putc.o)
                0x00005e88                _putc_r
 .text._close_r
                0x00005f00       0x24 /usr/local/mcuxpressoide-11.9.0_2144/ide/plugins/com.nxp.mcuxpresso.tools.linux_11.9.0.202307121226/tools/bin/../lib/gcc/arm-none-eabi/12.3.1/../../../../arm-none-eabi/lib/thumb/v7e-m+fp/softfp/libc.a(libc_a-closer.o)
                0x00005f00                _close_r
 .text.__sflush_r
                0x00005f24      0x138 /usr/local/mcuxpressoide-11.9.0_2144/ide/plugins/com.nxp.mcuxpresso.tools.linux_11.9.0.202307121226/tools/bin/../lib/gcc/arm-none-eabi/12.3.1/../../../../arm-none-eabi/lib/thumb/v7e-m+fp/softfp/libc.a(libc_a-fflush.o)
                0x00005f24                __sflush_r
 .text._fflush_r
                0x0000605c       0x54 /usr/local/mcuxpressoide-11.9.0_2144/ide/plugins/com.nxp.mcuxpresso.tools.linux_11.9.0.202307121226/tools/bin/../lib/gcc/arm-none-eabi/12.3.1/../../../../arm-none-eabi/lib/thumb/v7e-m+fp/softfp/libc.a(libc_a-fflush.o)
                0x0000605c                _fflush_r
 .text.fflush   0x000060b0       0x74 /usr/local/mcuxpressoide-11.9.0_2144/ide/plugins/com.nxp.mcuxpresso.tools.linux_11.9.0.202307121226/tools/bin/../lib/gcc/arm-none-eabi/12.3.1/../../../../arm-none-eabi/lib/thumb/v7e-m+fp/softfp/libc.a(libc_a-fflush.o)
                0x000060b0                fflush
 .text.stdio_exit_handler
                0x00006124       0x18 /usr/local/mcuxpressoide-11.9.0_2144/ide/plugins/com.nxp.mcuxpresso.tools.linux_11.9.0.202307121226/tools/bin/../lib/gcc/arm-none-eabi/12.3.1/../../../../arm-none-eabi/lib/thumb/v7e-m+fp/softfp/libc.a(libc_a-findfp.o)
 .text.cleanup_stdio
                0x0000613c       0x40 /usr/local/mcuxpressoide-11.9.0_2144/ide/plugins/com.nxp.mcuxpresso.tools.linux_11.9.0.202307121226/tools/bin/../lib/gcc/arm-none-eabi/12.3.1/../../../../arm-none-eabi/lib/thumb/v7e-m+fp/softfp/libc.a(libc_a-findfp.o)
 .text.global_stdio_init.part.0
                0x0000617c       0xf0 /usr/local/mcuxpressoide-11.9.0_2144/ide/plugins/com.nxp.mcuxpresso.tools.linux_11.9.0.202307121226/tools/bin/../lib/gcc/arm-none-eabi/12.3.1/../../../../arm-none-eabi/lib/thumb/v7e-m+fp/softfp/libc.a(libc_a-findfp.o)
 .text.__sinit  0x0000626c       0x3c /usr/local/mcuxpressoide-11.9.0_2144/ide/plugins/com.nxp.mcuxpresso.tools.linux_11.9.0.202307121226/tools/bin/../lib/gcc/arm-none-eabi/12.3.1/../../../../arm-none-eabi/lib/thumb/v7e-m+fp/softfp/libc.a(libc_a-findfp.o)
                0x0000626c                __sinit
 .text.__sfp_lock_acquire
                0x000062a8        0xc /usr/local/mcuxpressoide-11.9.0_2144/ide/plugins/com.nxp.mcuxpresso.tools.linux_11.9.0.202307121226/tools/bin/../lib/gcc/arm-none-eabi/12.3.1/../../../../arm-none-eabi/lib/thumb/v7e-m+fp/softfp/libc.a(libc_a-findfp.o)
                0x000062a8                __sfp_lock_acquire
 .text.__sfp_lock_release
                0x000062b4        0xc /usr/local/mcuxpressoide-11.9.0_2144/ide/plugins/com.nxp.mcuxpresso.tools.linux_11.9.0.202307121226/tools/bin/../lib/gcc/arm-none-eabi/12.3.1/../../../../arm-none-eabi/lib/thumb/v7e-m+fp/softfp/libc.a(libc_a-findfp.o)
                0x000062b4                __sfp_lock_release
 .text._malloc_trim_r
                0x000062c0       0xb8 /usr/local/mcuxpressoide-11.9.0_2144/ide/plugins/com.nxp.mcuxpresso.tools.linux_11.9.0.202307121226/tools/bin/../lib/gcc/arm-none-eabi/12.3.1/../../../../arm-none-eabi/lib/thumb/v7e-m+fp/softfp/libc.a(libc_a-freer.o)
                0x000062c0                _malloc_trim_r
 .text._free_r  0x00006378      0x1fc /usr/local/mcuxpressoide-11.9.0_2144/ide/plugins/com.nxp.mcuxpresso.tools.linux_11.9.0.202307121226/tools/bin/../lib/gcc/arm-none-eabi/12.3.1/../../../../arm-none-eabi/lib/thumb/v7e-m+fp/softfp/libc.a(libc_a-freer.o)
                0x00006378                _free_r
 .text._fstat_r
                0x00006574       0x2c /usr/local/mcuxpressoide-11.9.0_2144/ide/plugins/com.nxp.mcuxpresso.tools.linux_11.9.0.202307121226/tools/bin/../lib/gcc/arm-none-eabi/12.3.1/../../../../arm-none-eabi/lib/thumb/v7e-m+fp/softfp/libc.a(libc_a-fstatr.o)
                0x00006574                _fstat_r
 .text._lseek_r
                0x000065a0       0x2c /usr/local/mcuxpressoide-11.9.0_2144/ide/plugins/com.nxp.mcuxpresso.tools.linux_11.9.0.202307121226/tools/bin/../lib/gcc/arm-none-eabi/12.3.1/../../../../arm-none-eabi/lib/thumb/v7e-m+fp/softfp/libc.a(libc_a-lseekr.o)
                0x000065a0                _lseek_r
 .text._read_r  0x000065cc       0x2c /usr/local/mcuxpressoide-11.9.0_2144/ide/plugins/com.nxp.mcuxpresso.tools.linux_11.9.0.202307121226/tools/bin/../lib/gcc/arm-none-eabi/12.3.1/../../../../arm-none-eabi/lib/thumb/v7e-m+fp/softfp/libc.a(libc_a-readr.o)
                0x000065cc                _read_r
 .text.fiprintf
                0x000065f8       0x28 /usr/local/mcuxpressoide-11.9.0_2144/ide/plugins/com.nxp.mcuxpresso.tools.linux_11.9.0.202307121226/tools/bin/../lib/gcc/arm-none-eabi/12.3.1/../../../../arm-none-eabi/lib/thumb/v7e-m+fp/softfp/libc.a(libc_a-fiprintf.o)
                0x000065f8                fiprintf
 .text._sbrk_r  0x00006620       0x24 /usr/local/mcuxpressoide-11.9.0_2144/ide/plugins/com.nxp.mcuxpresso.tools.linux_11.9.0.202307121226/tools/bin/../lib/gcc/arm-none-eabi/12.3.1/../../../../arm-none-eabi/lib/thumb/v7e-m+fp/softfp/libc.a(libc_a-sbrkr.o)
                0x00006620                _sbrk_r
 .text._fwalk_sglue
                0x00006644       0x48 /usr/local/mcuxpressoide-11.9.0_2144/ide/plugins/com.nxp.mcuxpresso.tools.linux_11.9.0.202307121226/tools/bin/../lib/gcc/arm-none-eabi/12.3.1/../../../../arm-none-eabi/lib/thumb/v7e-m+fp/softfp/libc.a(libc_a-fwalk.o)
                0x00006644                _fwalk_sglue
 .text.__sprint_r.part.0
                0x0000668c       0x78 /usr/local/mcuxpressoide-11.9.0_2144/ide/plugins/com.nxp.mcuxpresso.tools.linux_11.9.0.202307121226/tools/bin/../lib/gcc/arm-none-eabi/12.3.1/../../../../arm-none-eabi/lib/thumb/v7e-m+fp/softfp/libc.a(libc_a-vfiprintf.o)
 .text._vfiprintf_r
                0x00006704      0xfa8 /usr/local/mcuxpressoide-11.9.0_2144/ide/plugins/com.nxp.mcuxpresso.tools.linux_11.9.0.202307121226/tools/bin/../lib/gcc/arm-none-eabi/12.3.1/../../../../arm-none-eabi/lib/thumb/v7e-m+fp/softfp/libc.a(libc_a-vfiprintf.o)
                0x00006704                _vfiprintf_r
 .text.__sbprintf
                0x000076ac       0x80 /usr/local/mcuxpressoide-11.9.0_2144/ide/plugins/com.nxp.mcuxpresso.tools.linux_11.9.0.202307121226/tools/bin/../lib/gcc/arm-none-eabi/12.3.1/../../../../arm-none-eabi/lib/thumb/v7e-m+fp/softfp/libc.a(libc_a-vfiprintf.o)
 .text.__swbuf_r
                0x0000772c       0xac /usr/local/mcuxpressoide-11.9.0_2144/ide/plugins/com.nxp.mcuxpresso.tools.linux_11.9.0.202307121226/tools/bin/../lib/gcc/arm-none-eabi/12.3.1/../../../../arm-none-eabi/lib/thumb/v7e-m+fp/softfp/libc.a(libc_a-wbuf.o)
                0x0000772c                __swbuf_r
 .text.abort    0x000077d8       0x10 /usr/local/mcuxpressoide-11.9.0_2144/ide/plugins/com.nxp.mcuxpresso.tools.linux_11.9.0.202307121226/tools/bin/../lib/gcc/arm-none-eabi/12.3.1/../../../../arm-none-eabi/lib/thumb/v7e-m+fp/softfp/libc.a(libc_a-abort.o)
                0x000077d8                abort
 .text._wcrtomb_r
                0x000077e8       0x4c /usr/local/mcuxpressoide-11.9.0_2144/ide/plugins/com.nxp.mcuxpresso.tools.linux_11.9.0.202307121226/tools/bin/../lib/gcc/arm-none-eabi/12.3.1/../../../../arm-none-eabi/lib/thumb/v7e-m+fp/softfp/libc.a(libc_a-wcrtomb.o)
                0x000077e8                _wcrtomb_r
 .text.__locale_mb_cur_max
                0x00007834        0xc /usr/local/mcuxpressoide-11.9.0_2144/ide/plugins/com.nxp.mcuxpresso.tools.linux_11.9.0.202307121226/tools/bin/../lib/gcc/arm-none-eabi/12.3.1/../../../../arm-none-eabi/lib/thumb/v7e-m+fp/softfp/libc.a(libc_a-locale.o)
                0x00007834                __locale_mb_cur_max
 .text._localeconv_r
                0x00007840        0x8 /usr/local/mcuxpressoide-11.9.0_2144/ide/plugins/com.nxp.mcuxpresso.tools.linux_11.9.0.202307121226/tools/bin/../lib/gcc/arm-none-eabi/12.3.1/../../../../arm-none-eabi/lib/thumb/v7e-m+fp/softfp/libc.a(libc_a-localeconv.o)
                0x00007840                _localeconv_r
 .text._fclose_r
                0x00007848       0xc0 /usr/local/mcuxpressoide-11.9.0_2144/ide/plugins/com.nxp.mcuxpresso.tools.linux_11.9.0.202307121226/tools/bin/../lib/gcc/arm-none-eabi/12.3.1/../../../../arm-none-eabi/lib/thumb/v7e-m+fp/softfp/libc.a(libc_a-fclose.o)
                0x00007848                _fclose_r
 .text.__swsetup_r
                0x00007908       0xc0 /usr/local/mcuxpressoide-11.9.0_2144/ide/plugins/com.nxp.mcuxpresso.tools.linux_11.9.0.202307121226/tools/bin/../lib/gcc/arm-none-eabi/12.3.1/../../../../arm-none-eabi/lib/thumb/v7e-m+fp/softfp/libc.a(libc_a-wsetup.o)
                0x00007908                __swsetup_r
 .text.__smakebuf_r
                0x000079c8       0xdc /usr/local/mcuxpressoide-11.9.0_2144/ide/plugins/com.nxp.mcuxpresso.tools.linux_11.9.0.202307121226/tools/bin/../lib/gcc/arm-none-eabi/12.3.1/../../../../arm-none-eabi/lib/thumb/v7e-m+fp/softfp/libc.a(libc_a-makebuf.o)
                0x000079c8                __smakebuf_r
 .text._wcsrtombs_r
                0x00007aa4       0x18 /usr/local/mcuxpressoide-11.9.0_2144/ide/plugins/com.nxp.mcuxpresso.tools.linux_11.9.0.202307121226/tools/bin/../lib/gcc/arm-none-eabi/12.3.1/../../../../arm-none-eabi/lib/thumb/v7e-m+fp/softfp/libc.a(libc_a-wcsrtombs.o)
                0x00007aa4                _wcsrtombs_r
 .text.strncpy  0x00007abc       0x68 /usr/local/mcuxpressoide-11.9.0_2144/ide/plugins/com.nxp.mcuxpresso.tools.linux_11.9.0.202307121226/tools/bin/../lib/gcc/arm-none-eabi/12.3.1/../../../../arm-none-eabi/lib/thumb/v7e-m+fp/softfp/libc.a(libc_a-strncpy.o)
                0x00007abc                strncpy
 .text.raise    0x00007b24       0x58 /usr/local/mcuxpressoide-11.9.0_2144/ide/plugins/com.nxp.mcuxpresso.tools.linux_11.9.0.202307121226/tools/bin/../lib/gcc/arm-none-eabi/12.3.1/../../../../arm-none-eabi/lib/thumb/v7e-m+fp/softfp/libc.a(libc_a-signal.o)
                0x00007b24                raise
 .text._isatty_r
                0x00007b7c       0x24 /usr/local/mcuxpressoide-11.9.0_2144/ide/plugins/com.nxp.mcuxpresso.tools.linux_11.9.0.202307121226/tools/bin/../lib/gcc/arm-none-eabi/12.3.1/../../../../arm-none-eabi/lib/thumb/v7e-m+fp/softfp/libc.a(libc_a-isattyr.o)
                0x00007b7c                _isatty_r
 .text.__fputwc
                0x00007ba0       0x7c /usr/local/mcuxpressoide-11.9.0_2144/ide/plugins/com.nxp.mcuxpresso.tools.linux_11.9.0.202307121226/tools/bin/../lib/gcc/arm-none-eabi/12.3.1/../../../../arm-none-eabi/lib/thumb/v7e-m+fp/softfp/libc.a(libc_a-fputwc.o)
                0x00007ba0                __fputwc
 .text._fputwc_r
                0x00007c1c       0x60 /usr/local/mcuxpressoide-11.9.0_2144/ide/plugins/com.nxp.mcuxpresso.tools.linux_11.9.0.202307121226/tools/bin/../lib/gcc/arm-none-eabi/12.3.1/../../../../arm-none-eabi/lib/thumb/v7e-m+fp/softfp/libc.a(libc_a-fputwc.o)
                0x00007c1c                _fputwc_r
 .text.__ascii_wctomb
                0x00007c7c       0x1c /usr/local/mcuxpressoide-11.9.0_2144/ide/plugins/com.nxp.mcuxpresso.tools.linux_11.9.0.202307121226/tools/bin/../lib/gcc/arm-none-eabi/12.3.1/../../../../arm-none-eabi/lib/thumb/v7e-m+fp/softfp/libc.a(libc_a-wctomb_r.o)
                0x00007c7c                __ascii_wctomb
 .text._kill_r  0x00007c98       0x2c /usr/local/mcuxpressoide-11.9.0_2144/ide/plugins/com.nxp.mcuxpresso.tools.linux_11.9.0.202307121226/tools/bin/../lib/gcc/arm-none-eabi/12.3.1/../../../../arm-none-eabi/lib/thumb/v7e-m+fp/softfp/libc.a(libc_a-signalr.o)
                0x00007c98                _kill_r
 .text._getpid_r
                0x00007cc4        0x4 /usr/local/mcuxpressoide-11.9.0_2144/ide/plugins/com.nxp.mcuxpresso.tools.linux_11.9.0.202307121226/tools/bin/../lib/gcc/arm-none-eabi/12.3.1/../../../../arm-none-eabi/lib/thumb/v7e-m+fp/softfp/libc.a(libc_a-signalr.o)
                0x00007cc4                _getpid_r
 .text.__sfvwrite_r
                0x00007cc8      0x300 /usr/local/mcuxpressoide-11.9.0_2144/ide/plugins/com.nxp.mcuxpresso.tools.linux_11.9.0.202307121226/tools/bin/../lib/gcc/arm-none-eabi/12.3.1/../../../../arm-none-eabi/lib/thumb/v7e-m+fp/softfp/libc.a(libc_a-fvwrite.o)
                0x00007cc8                __sfvwrite_r
 .text.__ascii_mbtowc
                0x00007fc8       0x2c /usr/local/mcuxpressoide-11.9.0_2144/ide/plugins/com.nxp.mcuxpresso.tools.linux_11.9.0.202307121226/tools/bin/../lib/gcc/arm-none-eabi/12.3.1/../../../../arm-none-eabi/lib/thumb/v7e-m+fp/softfp/libc.a(libc_a-mbtowc_r.o)
                0x00007fc8                __ascii_mbtowc
 .text.memmove  0x00007ff4      0x100 /usr/local/mcuxpressoide-11.9.0_2144/ide/plugins/com.nxp.mcuxpresso.tools.linux_11.9.0.202307121226/tools/bin/../lib/gcc/arm-none-eabi/12.3.1/../../../../arm-none-eabi/lib/thumb/v7e-m+fp/softfp/libc.a(libc_a-memmove.o)
                0x00007ff4                memmove
 .text._wcsnrtombs_l
                0x000080f4       0xfc /usr/local/mcuxpressoide-11.9.0_2144/ide/plugins/com.nxp.mcuxpresso.tools.linux_11.9.0.202307121226/tools/bin/../lib/gcc/arm-none-eabi/12.3.1/../../../../arm-none-eabi/lib/thumb/v7e-m+fp/softfp/libc.a(libc_a-wcsnrtombs.o)
                0x000080f4                _wcsnrtombs_l
 .text._wcsnrtombs_r
                0x000081f0       0x24 /usr/local/mcuxpressoide-11.9.0_2144/ide/plugins/com.nxp.mcuxpresso.tools.linux_11.9.0.202307121226/tools/bin/../lib/gcc/arm-none-eabi/12.3.1/../../../../arm-none-eabi/lib/thumb/v7e-m+fp/softfp/libc.a(libc_a-wcsnrtombs.o)
                0x000081f0                _wcsnrtombs_r
 .text._realloc_r
                0x00008214      0x344 /usr/local/mcuxpressoide-11.9.0_2144/ide/plugins/com.nxp.mcuxpresso.tools.linux_11.9.0.202307121226/tools/bin/../lib/gcc/arm-none-eabi/12.3.1/../../../../arm-none-eabi/lib/thumb/v7e-m+fp/softfp/libc.a(libc_a-reallocr.o)
                0x00008214                _realloc_r
 *(.rodata)
 .rodata        0x00008558      0x1a3 ./main.o
 *fill*         0x000086fb        0x1 
 .rodata        0x000086fc       0x14 /home/phatt/University/apps/lcd-1-prep/apps-workspace.mcu/lcd/mbed-os/lib/libmbed-os.a(pinmap.o)
 *(.rodata*)
 .rodata._ZL8font8x12
                0x00008710      0xc00 ./graph_class.o
 .rodata._ZL8font8x14
                0x00009310      0xe00 ./graph_class.o
 .rodata._ZL9font10x16
                0x0000a110     0x2000 ./graph_class.o
 .rodata._ZL9font12x20
                0x0000c110     0x2800 ./graph_class.o
 .rodata._ZL9font16x26
                0x0000e910     0x3400 ./graph_class.o
 .rodata._ZL9font22x36
                0x00011d10     0x9000 ./graph_class.o
 .rodata._ZL9font24x40
                0x0001ad10     0xa000 ./graph_class.o
 .rodata._ZL9font32x53
                0x00024d10     0xd400 ./graph_class.o
 .rodata._ZTV4Line
                0x00032110       0x10 ./graph_class.o
                0x00032110                vtable for Line
 .rodata._ZTV6String
                0x00032120       0x10 ./graph_class.o
                0x00032120                vtable for String
 .rodata._ZTV9Character
                0x00032130       0x10 ./graph_class.o
                0x00032130                vtable for Character
 .rodata._ZTV6Circle
                0x00032140       0x10 ./graph_class.o
                0x00032140                vtable for Circle
 .rodata._ZTV5Pixel
                0x00032150       0x10 ./graph_class.o
                0x00032150                vtable for Pixel
 .rodata._ZTV12GraphElement
                0x00032160       0x10 ./graph_class.o
                0x00032160                vtable for GraphElement
 .rodata._ZN4mbed3SPI4lockEv.str1.1
                0x00032170       0x56 /home/phatt/University/apps/lcd-1-prep/apps-workspace.mcu/lcd/mbed-os/lib/libmbed-os.a(SPI.o)
 .rodata._ZN4mbed3SPI6_allocEv.str1.1
                0x000321c6       0x4a /home/phatt/University/apps/lcd-1-prep/apps-workspace.mcu/lcd/mbed-os/lib/libmbed-os.a(SPI.o)
 .rodata._ZTVN4mbed3SPIE
                0x00032210       0x20 /home/phatt/University/apps/lcd-1-prep/apps-workspace.mcu/lcd/mbed-os/lib/libmbed-os.a(SPI.o)
                0x00032210                vtable for mbed::SPI
 .rodata.us_data
                0x00032230        0x8 /home/phatt/University/apps/lcd-1-prep/apps-workspace.mcu/lcd/mbed-os/lib/libmbed-os.a(mbed_us_ticker_api.o)
 .rodata.us_interface
                0x00032238       0x24 /home/phatt/University/apps/lcd-1-prep/apps-workspace.mcu/lcd/mbed-os/lib/libmbed-os.a(mbed_us_ticker_api.o)
 .rodata.schedule_interrupt.str1.1