23:58:04 **** Incremental Build of configuration Debug for project empty-mbed-os ****
make -r -j4 linker-script-debug.ld all 
make: 'linker-script-debug.ld' is up to date.
make[1]: Nothing to be done for 'main-build'.
Performing post-build steps
arm-none-eabi-size "empty-mbed-os.axf" ; arm-none-eabi-objcopy -v -O binary "empty-mbed-os.axf" "empty-mbed-os.bin" ; checksum -p MK64FN1M0xxx12 -d "empty-mbed-os.bin"
   text	   data	    bss	    dec	    hex	filename
  27592	   2004	 259128	 288724	  467d4	empty-mbed-os.axf
copy from `empty-mbed-os.axf' [elf32-littlearm] to `empty-mbed-os.bin' [binary]
Written checksum 0xdffce232 at offset 0x1c in file empty-mbed-os.bin
Previous value 0x00000000 at offset 0x1c in file empty-mbed-os.bin
 

23:58:05 Build Finished. 0 errors, 0 warnings. (took 1s.23ms)

