23:58:05 **** Incremental Build of configuration Debug for project i2c ****
make -r -j4 linker-script-debug.ld all 
make: 'linker-script-debug.ld' is up to date.
make[1]: Nothing to be done for 'main-build'.
Performing post-build steps
arm-none-eabi-size "i2c.axf" ; arm-none-eabi-objcopy -v -O binary "i2c.axf" "i2c.bin" ; checksum -p MK64FN1M0xxx12 -d "i2c.bin"
   text	   data	    bss	    dec	    hex	filename
  31984	   2008	 259128	 293120	  47900	i2c.axf
copy from `i2c.axf' [elf32-littlearm] to `i2c.bin' [binary]
Written checksum 0xdffce232 at offset 0x1c in file i2c.bin
Previous value 0x00000000 at offset 0x1c in file i2c.bin
 

23:58:06 Build Finished. 0 errors, 0 warnings. (took 1s.3ms)

